
Linker Version 8.7.7.190806
Input Object File: E:\Project\17.HT66F4560_EVM_V1.0\CODE\HT66F4560_TuYa_FishTank_V1.0\.output\HT66F4560_TUYA_FISHTANK.OBJ
Input Object File: E:\Project\17.HT66F4560_EVM_V1.0\CODE\HT66F4560_TuYa_FishTank_V1.0\.output\STARTUP1_L.OBJ
Input Object File: E:\Project\17.HT66F4560_EVM_V1.0\CODE\HT66F4560_TuYa_FishTank_V1.0\.output\DRV_RAM.OBJ
Input Object File: E:\Project\17.HT66F4560_EVM_V1.0\CODE\HT66F4560_TuYa_FishTank_V1.0\.output\DRV_WDT.OBJ
Input Object File: E:\Project\17.HT66F4560_EVM_V1.0\CODE\HT66F4560_TuYa_FishTank_V1.0\.output\OLED.OBJ
Input Object File: E:\Project\17.HT66F4560_EVM_V1.0\CODE\HT66F4560_TuYa_FishTank_V1.0\.output\DS18B20.OBJ
Input Object File: E:\Project\17.HT66F4560_EVM_V1.0\CODE\HT66F4560_TuYa_FishTank_V1.0\.output\DHT11.OBJ
Input Object File: E:\Project\17.HT66F4560_EVM_V1.0\CODE\HT66F4560_TuYa_FishTank_V1.0\.output\DS1302.OBJ
Input Object File: E:\Project\17.HT66F4560_EVM_V1.0\CODE\HT66F4560_TuYa_FishTank_V1.0\.output\DRV_SYSCLOCK.OBJ
Input Object File: E:\Project\17.HT66F4560_EVM_V1.0\CODE\HT66F4560_TuYa_FishTank_V1.0\.output\DRV_TIMERS.OBJ
Input Object File: E:\Project\17.HT66F4560_EVM_V1.0\CODE\HT66F4560_TuYa_FishTank_V1.0\.output\KEYSCAN.OBJ
Input Object File: E:\Project\17.HT66F4560_EVM_V1.0\CODE\HT66F4560_TuYa_FishTank_V1.0\.output\TUYA_JDQ_KEY_LED.OBJ
Input Object File: E:\Project\17.HT66F4560_EVM_V1.0\CODE\HT66F4560_TuYa_FishTank_V1.0\.output\DRV_USIM.OBJ
Input Object File: E:\Project\17.HT66F4560_EVM_V1.0\CODE\HT66F4560_TuYa_FishTank_V1.0\.output\MCU_API.OBJ
Input Object File: E:\Project\17.HT66F4560_EVM_V1.0\CODE\HT66F4560_TuYa_FishTank_V1.0\.output\PROTOCOL.OBJ
Input Object File: E:\Project\17.HT66F4560_EVM_V1.0\CODE\HT66F4560_TuYa_FishTank_V1.0\.output\SYSTEM.OBJ

Input Library File: C:\Program Files\Holtek MCU Development Tools\HT-IDE3000V8.x\LIB\LIBHOLTEKGCC.LIB
Input Library File: C:\Program Files\Holtek MCU Development Tools\HT-IDE3000V8.x\LIB\v3_lmrmc.lib


     Bank    Start     End      Length     Class    AvgIns    Name
     00h     0000h     0001h    0002h      CODE               @code (E:\Project\17.HT66F4560_EVM_V1.0\CODE\HT66F4560_TuYa_FishTank_V1.0\.output\HT66F4560_TUYA_FISHTANK.OBJ)
     00h     0002h     000bh    000ah      CODE               __DELAYX (C:\Program Files\Holtek MCU Development Tools\HT-IDE3000V8.x\LIB\LIBHOLTEKGCC.LIB)
     00h     000ch     000fh    0004h      CODE               @MuFunction0_ISR_code (E:\Project\17.HT66F4560_EVM_V1.0\CODE\HT66F4560_TuYa_FishTank_V1.0\.output\DRV_TIMERS.OBJ)
     00h     0010h     0010h    0001h      CODE               @MuFunction1_ISR_code (E:\Project\17.HT66F4560_EVM_V1.0\CODE\HT66F4560_TuYa_FishTank_V1.0\.output\DRV_TIMERS.OBJ)
     00h     0011h     0017h    0007h      CODE               _builtin_holtek_dtinf (C:\Program Files\Holtek MCU Development Tools\HT-IDE3000V8.x\LIB\LIBHOLTEKGCC.LIB)
     00h     0018h     001bh    0004h      CODE               @TIMEBASE0_ISR_code (E:\Project\17.HT66F4560_EVM_V1.0\CODE\HT66F4560_TuYa_FishTank_V1.0\.output\DRV_TIMERS.OBJ)
     00h     001ch     001fh    0004h      CODE               @TIMEBASE1_ISR_code (E:\Project\17.HT66F4560_EVM_V1.0\CODE\HT66F4560_TuYa_FishTank_V1.0\.output\DRV_TIMERS.OBJ)
     00h     0020h     002dh    000eh      CODE               itodaz (C:\Program Files\Holtek MCU Development Tools\HT-IDE3000V8.x\LIB\LIBHOLTEKGCC.LIB)
     00h     002eh     0031h    0004h      CODE               __DELAY (C:\Program Files\Holtek MCU Development Tools\HT-IDE3000V8.x\LIB\LIBHOLTEKGCC.LIB)
     00h     0032h     0032h    0001h      CODE               _get_wifi_status (E:\Project\17.HT66F4560_EVM_V1.0\CODE\HT66F4560_TuYa_FishTank_V1.0\.output\PROTOCOL.OBJ)
     00h     0033h     0033h    0001h      CODE               _wifi_test_result (E:\Project\17.HT66F4560_EVM_V1.0\CODE\HT66F4560_TuYa_FishTank_V1.0\.output\PROTOCOL.OBJ)
     00h     0034h     0037h    0004h      CODE               @USIM0_ISR_code (E:\Project\17.HT66F4560_EVM_V1.0\CODE\HT66F4560_TuYa_FishTank_V1.0\.output\DRV_USIM.OBJ)
     00h     0038h     005ah    0023h      CODE               @start (E:\Project\17.HT66F4560_EVM_V1.0\CODE\HT66F4560_TuYa_FishTank_V1.0\.output\HT66F4560_TUYA_FISHTANK.OBJ)
     00h     005bh     0079h    001fh      CODE               _MuFunction0_ISR (E:\Project\17.HT66F4560_EVM_V1.0\CODE\HT66F4560_TuYa_FishTank_V1.0\.output\DRV_TIMERS.OBJ)
     00h     007ah     009bh    0022h      CODE               _TIMEBASE0_ISR (E:\Project\17.HT66F4560_EVM_V1.0\CODE\HT66F4560_TuYa_FishTank_V1.0\.output\DRV_TIMERS.OBJ)
     00h     009ch     00b2h    0017h      CODE               _TIMEBASE1_ISR (E:\Project\17.HT66F4560_EVM_V1.0\CODE\HT66F4560_TuYa_FishTank_V1.0\.output\DRV_TIMERS.OBJ)
     00h     00b3h     00f3h    0041h      CODE               _USIM0_ISR (E:\Project\17.HT66F4560_EVM_V1.0\CODE\HT66F4560_TuYa_FishTank_V1.0\.output\DRV_USIM.OBJ)
     00h     00f4h     00f4h    0001h      CODE               _delay_1us (E:\Project\17.HT66F4560_EVM_V1.0\CODE\HT66F4560_TuYa_FishTank_V1.0\.output\OLED.OBJ)
     00h     00f5h     00f5h    0001h      CODE               _delay_us (E:\Project\17.HT66F4560_EVM_V1.0\CODE\HT66F4560_TuYa_FishTank_V1.0\.output\DHT11.OBJ)
     00h     00f6h     010dh    0018h      CODE               @builtin_holtek_dtdecode (C:\Program Files\Holtek MCU Development Tools\HT-IDE3000V8.x\LIB\LIBHOLTEKGCC.LIB)
     00h     010eh     014dh    0040h      CODE               _builtin_holtek_dtmul (C:\Program Files\Holtek MCU Development Tools\HT-IDE3000V8.x\LIB\LIBHOLTEKGCC.LIB)
     00h     014eh     0178h    002bh      CODE               _builtin_holtek_dtol (C:\Program Files\Holtek MCU Development Tools\HT-IDE3000V8.x\LIB\LIBHOLTEKGCC.LIB)
     00h     0179h     01ach    0034h      CODE               _builtin_holtek_dtnorm (C:\Program Files\Holtek MCU Development Tools\HT-IDE3000V8.x\LIB\LIBHOLTEKGCC.LIB)
     00h     01adh     06c0h    0514h      CODE               @crom (E:\Project\17.HT66F4560_EVM_V1.0\CODE\HT66F4560_TuYa_FishTank_V1.0\.output\HT66F4560_TUYA_FISHTANK.OBJ)
     00h     06c1h     06d3h    0013h      CODE               @crom (E:\Project\17.HT66F4560_EVM_V1.0\CODE\HT66F4560_TuYa_FishTank_V1.0\.output\PROTOCOL.OBJ)
     00h     06d4h     06ech    0019h      CODE               @crom (E:\Project\17.HT66F4560_EVM_V1.0\CODE\HT66F4560_TuYa_FishTank_V1.0\.output\SYSTEM.OBJ)
     00h     06edh     06ffh    0013h      CODE               _DS18B20_Read_Bit (E:\Project\17.HT66F4560_EVM_V1.0\CODE\HT66F4560_TuYa_FishTank_V1.0\.output\DS18B20.OBJ)
     00h     0700h     0711h    0012h      CODE               _DS18B20_Read_Byte (E:\Project\17.HT66F4560_EVM_V1.0\CODE\HT66F4560_TuYa_FishTank_V1.0\.output\DS18B20.OBJ)
     00h     0712h     0735h    0024h      CODE               _DS18B20_Write_Byte (E:\Project\17.HT66F4560_EVM_V1.0\CODE\HT66F4560_TuYa_FishTank_V1.0\.output\DS18B20.OBJ)
     00h     0736h     075ch    0027h      CODE               _DS18B20_Check (E:\Project\17.HT66F4560_EVM_V1.0\CODE\HT66F4560_TuYa_FishTank_V1.0\.output\DS18B20.OBJ)
     00h     075dh     076ah    000eh      CODE               _builtin_holtek_delay_isr00 (C:\Program Files\Holtek MCU Development Tools\HT-IDE3000V8.x\LIB\LIBHOLTEKGCC.LIB)
     00h     076bh     077bh    0011h      CODE               _DS18B20_Rst (E:\Project\17.HT66F4560_EVM_V1.0\CODE\HT66F4560_TuYa_FishTank_V1.0\.output\DS18B20.OBJ)
     00h     077ch     0782h    0007h      CODE               _DS18B20_Start (E:\Project\17.HT66F4560_EVM_V1.0\CODE\HT66F4560_TuYa_FishTank_V1.0\.output\DS18B20.OBJ)
     00h     0783h     07e9h    0067h      CODE               _DS18B20_Get_Temp (E:\Project\17.HT66F4560_EVM_V1.0\CODE\HT66F4560_TuYa_FishTank_V1.0\.output\DS18B20.OBJ)
     00h     07eah     07ffh    0016h      CODE               _DHT11_Read_Bit (E:\Project\17.HT66F4560_EVM_V1.0\CODE\HT66F4560_TuYa_FishTank_V1.0\.output\DHT11.OBJ)
     00h     0800h     080dh    000eh      CODE               _DHT11_Read_Byte (E:\Project\17.HT66F4560_EVM_V1.0\CODE\HT66F4560_TuYa_FishTank_V1.0\.output\DHT11.OBJ)
     00h     080eh     0830h    0023h      CODE               _DHT11_Check (E:\Project\17.HT66F4560_EVM_V1.0\CODE\HT66F4560_TuYa_FishTank_V1.0\.output\DHT11.OBJ)
     00h     0831h     083ch    000ch      CODE               _delay_ms (E:\Project\17.HT66F4560_EVM_V1.0\CODE\HT66F4560_TuYa_FishTank_V1.0\.output\DHT11.OBJ)
     00h     083dh     084bh    000fh      CODE               _DHT11_Rst (E:\Project\17.HT66F4560_EVM_V1.0\CODE\HT66F4560_TuYa_FishTank_V1.0\.output\DHT11.OBJ)
     00h     084ch     088ah    003fh      CODE               _DHT11_Read_Data (E:\Project\17.HT66F4560_EVM_V1.0\CODE\HT66F4560_TuYa_FishTank_V1.0\.output\DHT11.OBJ)
     00h     088bh     0892h    0008h      CODE               _uart_transmit_output (E:\Project\17.HT66F4560_EVM_V1.0\CODE\HT66F4560_TuYa_FishTank_V1.0\.output\PROTOCOL.OBJ)
     00h     0893h     08a2h    0010h      CODE               _CROM2PROM (CROM2PROM)
     00h     08a3h     08f9h    0057h      CODE               _wifi_uart_write_frame (E:\Project\17.HT66F4560_EVM_V1.0\CODE\HT66F4560_TuYa_FishTank_V1.0\.output\SYSTEM.OBJ)
     00h     08fah     0900h    0007h      CODE               _mcu_get_system_time (E:\Project\17.HT66F4560_EVM_V1.0\CODE\HT66F4560_TuYa_FishTank_V1.0\.output\MCU_API.OBJ)
     00h     0901h     0937h    0037h      CODE               _builtin_holtek_divmodhi4_isr00 (C:\Program Files\Holtek MCU Development Tools\HT-IDE3000V8.x\LIB\LIBHOLTEKGCC.LIB)
     00h     0938h     0946h    000fh      CODE               _set_wifi_uart_byte (E:\Project\17.HT66F4560_EVM_V1.0\CODE\HT66F4560_TuYa_FishTank_V1.0\.output\SYSTEM.OBJ)
     00h     0947h     0989h    0043h      CODE               _mcu_dp_value_update (E:\Project\17.HT66F4560_EVM_V1.0\CODE\HT66F4560_TuYa_FishTank_V1.0\.output\MCU_API.OBJ)
     00h     098ah     09b7h    002eh      CODE               _mcu_dp_enum_update (E:\Project\17.HT66F4560_EVM_V1.0\CODE\HT66F4560_TuYa_FishTank_V1.0\.output\MCU_API.OBJ)
     00h     09b8h     09e9h    0032h      CODE               _mcu_dp_bool_update (E:\Project\17.HT66F4560_EVM_V1.0\CODE\HT66F4560_TuYa_FishTank_V1.0\.output\MCU_API.OBJ)
     00h     09eah     0a3ch    0053h      CODE               _all_data_update (E:\Project\17.HT66F4560_EVM_V1.0\CODE\HT66F4560_TuYa_FishTank_V1.0\.output\PROTOCOL.OBJ)
     00h     0a3dh     0a81h    0045h      CODE               _mcu_write_rtctime (E:\Project\17.HT66F4560_EVM_V1.0\CODE\HT66F4560_TuYa_FishTank_V1.0\.output\PROTOCOL.OBJ)
     00h     0a82h     0ae5h    0064h      CODE               _byte_to_int (E:\Project\17.HT66F4560_EVM_V1.0\CODE\HT66F4560_TuYa_FishTank_V1.0\.output\MCU_API.OBJ)
     00h     0ae6h     0aebh    0006h      CODE               _mcu_get_dp_download_value (E:\Project\17.HT66F4560_EVM_V1.0\CODE\HT66F4560_TuYa_FishTank_V1.0\.output\MCU_API.OBJ)
     00h     0aech     0af3h    0008h      CODE               _mcu_get_dp_download_bool (E:\Project\17.HT66F4560_EVM_V1.0\CODE\HT66F4560_TuYa_FishTank_V1.0\.output\MCU_API.OBJ)
     00h     0af4h     0c1bh    0128h      CODE               _dp_download_handle (E:\Project\17.HT66F4560_EVM_V1.0\CODE\HT66F4560_TuYa_FishTank_V1.0\.output\PROTOCOL.OBJ)
     00h     0c1ch     0c1dh    0002h      CODE               _get_download_cmd_total (E:\Project\17.HT66F4560_EVM_V1.0\CODE\HT66F4560_TuYa_FishTank_V1.0\.output\PROTOCOL.OBJ)
     00h     0c1eh     0c74h    0057h      CODE               _my_memcpy (E:\Project\17.HT66F4560_EVM_V1.0\CODE\HT66F4560_TuYa_FishTank_V1.0\.output\MCU_API.OBJ)
     00h     0c75h     0c8ah    0016h      CODE               _set_wifi_uart_buffer (E:\Project\17.HT66F4560_EVM_V1.0\CODE\HT66F4560_TuYa_FishTank_V1.0\.output\SYSTEM.OBJ)
     00h     0c8bh     0cb8h    002eh      CODE               _my_strlen (E:\Project\17.HT66F4560_EVM_V1.0\CODE\HT66F4560_TuYa_FishTank_V1.0\.output\MCU_API.OBJ)
     00h     0cb9h     0cf6h    003eh      CODE               _open_module_time_serve_result (E:\Project\17.HT66F4560_EVM_V1.0\CODE\HT66F4560_TuYa_FishTank_V1.0\.output\PROTOCOL.OBJ)
     00h     0cf7h     0ed6h    01e0h      CODE               _data_handle (E:\Project\17.HT66F4560_EVM_V1.0\CODE\HT66F4560_TuYa_FishTank_V1.0\.output\SYSTEM.OBJ)
     00h     0ed7h     0ef5h    001fh      CODE               _get_check_sum (E:\Project\17.HT66F4560_EVM_V1.0\CODE\HT66F4560_TuYa_FishTank_V1.0\.output\SYSTEM.OBJ)
     00h     0ef6h     0f1dh    0028h      CODE               _take_byte_rxbuff (E:\Project\17.HT66F4560_EVM_V1.0\CODE\HT66F4560_TuYa_FishTank_V1.0\.output\SYSTEM.OBJ)
     00h     0f1eh     0f34h    0017h      CODE               _with_data_rxbuff (E:\Project\17.HT66F4560_EVM_V1.0\CODE\HT66F4560_TuYa_FishTank_V1.0\.output\SYSTEM.OBJ)
     00h     0f35h     1010h    00dch      CODE               _wifi_uart_service (E:\Project\17.HT66F4560_EVM_V1.0\CODE\HT66F4560_TuYa_FishTank_V1.0\.output\MCU_API.OBJ)
     00h     1011h     103bh    002bh      CODE               _fun_JDQ_FishFood_MotoIO (E:\Project\17.HT66F4560_EVM_V1.0\CODE\HT66F4560_TuYa_FishTank_V1.0\.output\TUYA_JDQ_KEY_LED.OBJ)
     00h     103ch     104ah    000fh      CODE               _mcu_set_wifi_mode (E:\Project\17.HT66F4560_EVM_V1.0\CODE\HT66F4560_TuYa_FishTank_V1.0\.output\MCU_API.OBJ)
     00h     104bh     1080h    0036h      CODE               _fun_Key (E:\Project\17.HT66F4560_EVM_V1.0\CODE\HT66F4560_TuYa_FishTank_V1.0\.output\KEYSCAN.OBJ)
     00h     1081h     10c7h    0047h      CODE               _fun_KeyScan (E:\Project\17.HT66F4560_EVM_V1.0\CODE\HT66F4560_TuYa_FishTank_V1.0\.output\KEYSCAN.OBJ)
     00h     10c8h     10d2h    000bh      CODE               _wifi_protocol_init (E:\Project\17.HT66F4560_EVM_V1.0\CODE\HT66F4560_TuYa_FishTank_V1.0\.output\MCU_API.OBJ)
     00h     10d3h     10e9h    0017h      CODE               _Drv_UART0_Init (E:\Project\17.HT66F4560_EVM_V1.0\CODE\HT66F4560_TuYa_FishTank_V1.0\.output\DRV_USIM.OBJ)
     00h     10eah     10f2h    0009h      CODE               _Key_Init (E:\Project\17.HT66F4560_EVM_V1.0\CODE\HT66F4560_TuYa_FishTank_V1.0\.output\KEYSCAN.OBJ)
     00h     10f3h     1105h    0013h      CODE               _Drv_RamInit (E:\Project\17.HT66F4560_EVM_V1.0\CODE\HT66F4560_TuYa_FishTank_V1.0\.output\DRV_RAM.OBJ)
     00h     1106h     110dh    0008h      CODE               _Drv_SysClockInit (E:\Project\17.HT66F4560_EVM_V1.0\CODE\HT66F4560_TuYa_FishTank_V1.0\.output\DRV_SYSCLOCK.OBJ)
     00h     110eh     1121h    0014h      CODE               _fun_TuYa_JDQ_LED_IO_Init (E:\Project\17.HT66F4560_EVM_V1.0\CODE\HT66F4560_TuYa_FishTank_V1.0\.output\TUYA_JDQ_KEY_LED.OBJ)
     00h     1122h     115bh    003ah      CODE               _main (E:\Project\17.HT66F4560_EVM_V1.0\CODE\HT66F4560_TuYa_FishTank_V1.0\.output\HT66F4560_TUYA_FISHTANK.OBJ)
     00h     115ch     119ah    003fh      CODE               _uart_receive_input (E:\Project\17.HT66F4560_EVM_V1.0\CODE\HT66F4560_TuYa_FishTank_V1.0\.output\MCU_API.OBJ)
     00h     119bh     11a8h    000eh      CODE               _open_module_reset_state_serve (E:\Project\17.HT66F4560_EVM_V1.0\CODE\HT66F4560_TuYa_FishTank_V1.0\.output\MCU_API.OBJ)
     00h     11a9h     11b6h    000eh      CODE               _request_weather_serve (E:\Project\17.HT66F4560_EVM_V1.0\CODE\HT66F4560_TuYa_FishTank_V1.0\.output\MCU_API.OBJ)
     00h     11b7h     11cch    0016h      CODE               _open_module_time_serve (E:\Project\17.HT66F4560_EVM_V1.0\CODE\HT66F4560_TuYa_FishTank_V1.0\.output\MCU_API.OBJ)
     00h     11cdh     11d3h    0007h      CODE               _mcu_get_wifi_connect_status (E:\Project\17.HT66F4560_EVM_V1.0\CODE\HT66F4560_TuYa_FishTank_V1.0\.output\MCU_API.OBJ)
     00h     11d4h     11dah    0007h      CODE               _mcu_start_wifitest (E:\Project\17.HT66F4560_EVM_V1.0\CODE\HT66F4560_TuYa_FishTank_V1.0\.output\MCU_API.OBJ)
     00h     11dbh     11e2h    0008h      CODE               _mcu_reset_wifi (E:\Project\17.HT66F4560_EVM_V1.0\CODE\HT66F4560_TuYa_FishTank_V1.0\.output\MCU_API.OBJ)
     00h     11e3h     11f7h    0015h      CODE               _uart_receive_buff_input (E:\Project\17.HT66F4560_EVM_V1.0\CODE\HT66F4560_TuYa_FishTank_V1.0\.output\MCU_API.OBJ)
     00h     11f8h     11ffh    0008h      CODE               _mcu_get_dp_download_enum (E:\Project\17.HT66F4560_EVM_V1.0\CODE\HT66F4560_TuYa_FishTank_V1.0\.output\MCU_API.OBJ)
     00h     1200h     1271h    0072h      CODE               _mcu_dp_fault_update (E:\Project\17.HT66F4560_EVM_V1.0\CODE\HT66F4560_TuYa_FishTank_V1.0\.output\MCU_API.OBJ)
     00h     1272h     12a6h    0035h      CODE               _mcu_dp_string_update (E:\Project\17.HT66F4560_EVM_V1.0\CODE\HT66F4560_TuYa_FishTank_V1.0\.output\MCU_API.OBJ)
     00h     12a7h     12dah    0034h      CODE               _mcu_dp_raw_update (E:\Project\17.HT66F4560_EVM_V1.0\CODE\HT66F4560_TuYa_FishTank_V1.0\.output\MCU_API.OBJ)
     00h     12dbh     130fh    0035h      CODE               _my_strcmp (E:\Project\17.HT66F4560_EVM_V1.0\CODE\HT66F4560_TuYa_FishTank_V1.0\.output\MCU_API.OBJ)
     00h     1310h     133eh    002fh      CODE               _my_strcpy (E:\Project\17.HT66F4560_EVM_V1.0\CODE\HT66F4560_TuYa_FishTank_V1.0\.output\MCU_API.OBJ)
     00h     133fh     1353h    0015h      CODE               _bcd_to_hex (E:\Project\17.HT66F4560_EVM_V1.0\CODE\HT66F4560_TuYa_FishTank_V1.0\.output\DS1302.OBJ)
     00h     1354h     1368h    0015h      CODE               _read_one_byte (E:\Project\17.HT66F4560_EVM_V1.0\CODE\HT66F4560_TuYa_FishTank_V1.0\.output\DS1302.OBJ)
     00h     1369h     137ch    0014h      CODE               _write_one_byte (E:\Project\17.HT66F4560_EVM_V1.0\CODE\HT66F4560_TuYa_FishTank_V1.0\.output\DS1302.OBJ)
     00h     137dh     1397h    001bh      CODE               _ds1302_read_data (E:\Project\17.HT66F4560_EVM_V1.0\CODE\HT66F4560_TuYa_FishTank_V1.0\.output\DS1302.OBJ)
     00h     1398h     13d0h    0039h      CODE               _time_read (E:\Project\17.HT66F4560_EVM_V1.0\CODE\HT66F4560_TuYa_FishTank_V1.0\.output\DS1302.OBJ)
     00h     13d1h     13e7h    0017h      CODE               _ds1302_write_data (E:\Project\17.HT66F4560_EVM_V1.0\CODE\HT66F4560_TuYa_FishTank_V1.0\.output\DS1302.OBJ)
     00h     13e8h     140bh    0024h      CODE               _time_init (E:\Project\17.HT66F4560_EVM_V1.0\CODE\HT66F4560_TuYa_FishTank_V1.0\.output\DS1302.OBJ)
     00h     140ch     1424h    0019h      CODE               _builtin_holtek_divmodqi4_isr00 (C:\Program Files\Holtek MCU Development Tools\HT-IDE3000V8.x\LIB\LIBHOLTEKGCC.LIB)
     00h     1425h     144eh    002ah      CODE               _Time_read_turn_Init (E:\Project\17.HT66F4560_EVM_V1.0\CODE\HT66F4560_TuYa_FishTank_V1.0\.output\DS1302.OBJ)
     00h     144fh     1478h    002ah      CODE               _Time_read_turn_Init_Stm (E:\Project\17.HT66F4560_EVM_V1.0\CODE\HT66F4560_TuYa_FishTank_V1.0\.output\DS1302.OBJ)
     00h     1479h     147eh    0006h      CODE               _DHT11_Init (E:\Project\17.HT66F4560_EVM_V1.0\CODE\HT66F4560_TuYa_FishTank_V1.0\.output\DHT11.OBJ)
     00h     147fh     1483h    0005h      CODE               _oled_iic_stop (E:\Project\17.HT66F4560_EVM_V1.0\CODE\HT66F4560_TuYa_FishTank_V1.0\.output\OLED.OBJ)
     00h     1484h     1492h    000fh      CODE               _oled_iic_wait_ack (E:\Project\17.HT66F4560_EVM_V1.0\CODE\HT66F4560_TuYa_FishTank_V1.0\.output\OLED.OBJ)
     00h     1493h     14bah    0028h      CODE               _oled_write_byte (E:\Project\17.HT66F4560_EVM_V1.0\CODE\HT66F4560_TuYa_FishTank_V1.0\.output\OLED.OBJ)
     00h     14bbh     14c1h    0007h      CODE               _oled_iic_start (E:\Project\17.HT66F4560_EVM_V1.0\CODE\HT66F4560_TuYa_FishTank_V1.0\.output\OLED.OBJ)
     00h     14c2h     14cbh    000ah      CODE               _oled_write_dat (E:\Project\17.HT66F4560_EVM_V1.0\CODE\HT66F4560_TuYa_FishTank_V1.0\.output\OLED.OBJ)
     00h     14cch     14d5h    000ah      CODE               _oled_write_cmd (E:\Project\17.HT66F4560_EVM_V1.0\CODE\HT66F4560_TuYa_FishTank_V1.0\.output\OLED.OBJ)
     00h     14d6h     14ebh    0016h      CODE               _oled_clear_hang (E:\Project\17.HT66F4560_EVM_V1.0\CODE\HT66F4560_TuYa_FishTank_V1.0\.output\OLED.OBJ)
     00h     14ech     14fdh    0012h      CODE               _oled_set_pos (E:\Project\17.HT66F4560_EVM_V1.0\CODE\HT66F4560_TuYa_FishTank_V1.0\.output\OLED.OBJ)
     00h     14feh     1515h    0018h      CODE               _oled_clear (E:\Project\17.HT66F4560_EVM_V1.0\CODE\HT66F4560_TuYa_FishTank_V1.0\.output\OLED.OBJ)
     00h     1516h     154eh    0039h      CODE               _oled_init (E:\Project\17.HT66F4560_EVM_V1.0\CODE\HT66F4560_TuYa_FishTank_V1.0\.output\OLED.OBJ)
     00h     154fh     156fh    0021h      CODE               _oled_showphoto (E:\Project\17.HT66F4560_EVM_V1.0\CODE\HT66F4560_TuYa_FishTank_V1.0\.output\OLED.OBJ)
     00h     1570h     15a3h    0034h      CODE               _oled_showchar (E:\Project\17.HT66F4560_EVM_V1.0\CODE\HT66F4560_TuYa_FishTank_V1.0\.output\OLED.OBJ)
     00h     15a4h     15c3h    0020h      CODE               _oled_showstring (E:\Project\17.HT66F4560_EVM_V1.0\CODE\HT66F4560_TuYa_FishTank_V1.0\.output\OLED.OBJ)
     00h     15c4h     15cdh    000ah      CODE               _builtin_holtek_mulqi3_isr00 (C:\Program Files\Holtek MCU Development Tools\HT-IDE3000V8.x\LIB\LIBHOLTEKGCC.LIB)
     00h     15ceh     1643h    0076h      CODE               _oled_shownum (E:\Project\17.HT66F4560_EVM_V1.0\CODE\HT66F4560_TuYa_FishTank_V1.0\.output\OLED.OBJ)
     00h     1644h     1656h    0013h      CODE               _builtin_holtek_mulhi3_isr00 (C:\Program Files\Holtek MCU Development Tools\HT-IDE3000V8.x\LIB\LIBHOLTEKGCC.LIB)
     00h     1657h     166bh    0015h      CODE               _oled_pow (E:\Project\17.HT66F4560_EVM_V1.0\CODE\HT66F4560_TuYa_FishTank_V1.0\.output\OLED.OBJ)
     00h     166ch     1676h    000bh      CODE               @ROMDATA_BASE (E:\Project\17.HT66F4560_EVM_V1.0\CODE\HT66F4560_TuYa_FishTank_V1.0\.output\STARTUP1_L.OBJ)
     00h     1677h     167dh    0007h      CODE               _ds1302_init (E:\Project\17.HT66F4560_EVM_V1.0\CODE\HT66F4560_TuYa_FishTank_V1.0\.output\DS1302.OBJ)
     00h     167eh     16bch    003fh      CODE               _hex_to_bcd (E:\Project\17.HT66F4560_EVM_V1.0\CODE\HT66F4560_TuYa_FishTank_V1.0\.output\MCU_API.OBJ)
     00h     16bdh     16e2h    0026h      CODE               _my_memset (E:\Project\17.HT66F4560_EVM_V1.0\CODE\HT66F4560_TuYa_FishTank_V1.0\.output\MCU_API.OBJ)
     00h     16e3h     1701h    001fh      CODE               _int_to_byte (E:\Project\17.HT66F4560_EVM_V1.0\CODE\HT66F4560_TuYa_FishTank_V1.0\.output\MCU_API.OBJ)
     00h     1702h     1705h    0004h      CODE               _mcu_get_reset_wifi_flag (E:\Project\17.HT66F4560_EVM_V1.0\CODE\HT66F4560_TuYa_FishTank_V1.0\.output\MCU_API.OBJ)
     00h     1706h     1709h    0004h      CODE               _mcu_get_wifimode_flag (E:\Project\17.HT66F4560_EVM_V1.0\CODE\HT66F4560_TuYa_FishTank_V1.0\.output\MCU_API.OBJ)
     00h     170ah     170dh    0004h      CODE               _mcu_get_wifi_work_state (E:\Project\17.HT66F4560_EVM_V1.0\CODE\HT66F4560_TuYa_FishTank_V1.0\.output\MCU_API.OBJ)
     00h     0080h     0080h    0001h      DATA     0         @BITDATASEC1 (E:\Project\17.HT66F4560_EVM_V1.0\CODE\HT66F4560_TuYa_FishTank_V1.0\.output\STARTUP1_L.OBJ)
     00h     0081h     0083h    0003h      DATA     8         @BITDATASEC (E:\Project\17.HT66F4560_EVM_V1.0\CODE\HT66F4560_TuYa_FishTank_V1.0\.output\STARTUP1_L.OBJ)
     00h     0084h     0084h    0001h      DATA     352       @data_ra (C:\Program Files\Holtek MCU Development Tools\HT-IDE3000V8.x\LIB\LIBHOLTEKGCC.LIB)
     00h     0085h     0085h    0001h      DATA     218       @data_rb (C:\Program Files\Holtek MCU Development Tools\HT-IDE3000V8.x\LIB\LIBHOLTEKGCC.LIB)
     00h     0086h     0086h    0001h      DATA     131       @data_rc (C:\Program Files\Holtek MCU Development Tools\HT-IDE3000V8.x\LIB\LIBHOLTEKGCC.LIB)
     00h     0087h     0087h    0001h      DATA     74        @data_rd (C:\Program Files\Holtek MCU Development Tools\HT-IDE3000V8.x\LIB\LIBHOLTEKGCC.LIB)
     00h     0088h     0088h    0001h      DATA     56        @data_re (C:\Program Files\Holtek MCU Development Tools\HT-IDE3000V8.x\LIB\LIBHOLTEKGCC.LIB)
     00h     0089h     0089h    0001h      DATA     30        @data_rf (C:\Program Files\Holtek MCU Development Tools\HT-IDE3000V8.x\LIB\LIBHOLTEKGCC.LIB)
     00h     008ah     008ah    0001h      DATA     24        @data_rg (C:\Program Files\Holtek MCU Development Tools\HT-IDE3000V8.x\LIB\LIBHOLTEKGCC.LIB)
     00h     008bh     008bh    0001h      DATA     2         @data_rh (C:\Program Files\Holtek MCU Development Tools\HT-IDE3000V8.x\LIB\LIBHOLTEKGCC.LIB)
     00h     008ch     0091h    0006h      DATA     16.5      ftdata1 (C:\Program Files\Holtek MCU Development Tools\HT-IDE3000V8.x\LIB\LIBHOLTEKGCC.LIB)
     00h     0092h     0094h    0003h      DATA     11.667    dtdata (C:\Program Files\Holtek MCU Development Tools\HT-IDE3000V8.x\LIB\LIBHOLTEKGCC.LIB)
     00h     0095h     009bh    0007h      DATA     4.5714    ftdata2 (C:\Program Files\Holtek MCU Development Tools\HT-IDE3000V8.x\LIB\LIBHOLTEKGCC.LIB)
     00h     009ch     009ch    0001h      DATA     2         @data_r10c (isr:ra~rh)
     00h     009dh     009dh    0001h      DATA     2         @data_r20c (isr:ra~rh)
     00h     009eh     009eh    0001h      DATA     3         @data_ra0c (isr:ra~rh)
     00h     009fh     009fh    0001h      DATA     2         @data_r118 (isr:ra~rh)
     00h     00a0h     00a0h    0001h      DATA     2         @data_r218 (isr:ra~rh)
     00h     00a1h     00a1h    0001h      DATA     6         @data_ra18 (isr:ra~rh)
     00h     00a2h     00a2h    0001h      DATA     2         @data_r11c (isr:ra~rh)
     00h     00a3h     00a3h    0001h      DATA     2         @data_r21c (isr:ra~rh)
     00h     00a4h     00a4h    0001h      DATA     3         @data_ra1c (isr:ra~rh)
     00h     00a5h     00a5h    0001h      DATA     2         @data_r134 (isr:ra~rh)
     00h     00a6h     00a6h    0001h      DATA     2         @data_r234 (isr:ra~rh)
     00h     00a7h     00a7h    0001h      DATA     8         @data_ra34 (isr:ra~rh)
     00h     00a8h     00a8h    0001h      DATA     11        @data_rc34 (isr:ra~rh)
     00h     00a9h     00a9h    0001h      DATA     11        @data_rb34 (isr:ra~rh)
     00h     00aah     00aah    0001h      DATA     5         @data_rd34 (isr:ra~rh)
     00h     00abh     00abh    0001h      DATA     5         @data_re34 (isr:ra~rh)
     00h     00ach     00ach    0001h      DATA     2         @data_rf34 (isr:ra~rh)
     00h     00adh     00adh    0001h      DATA     2         @data_rg34 (isr:ra~rh)
     00h     00e0h     00e1h    0002h      DATA     6         @HCCINIT___rx_in_1197 (E:\Project\17.HT66F4560_EVM_V1.0\CODE\HT66F4560_TuYa_FishTank_V1.0\.output\MCU_API.OBJ)
     00h     00e2h     00e8h    0007h      DATA     3         @HCCINIT_time (E:\Project\17.HT66F4560_EVM_V1.0\CODE\HT66F4560_TuYa_FishTank_V1.0\.output\DS1302.OBJ)
     00h     00e9h     00e9h    0001h      DATA     3         @HCCINIT___gu8v_Time_Is_300ms_2415 (E:\Project\17.HT66F4560_EVM_V1.0\CODE\HT66F4560_TuYa_FishTank_V1.0\.output\DRV_TIMERS.OBJ)
     00h     00eah     00eah    0001h      DATA     3         @HCCINIT___gu8v_Time_Is_5s_2411 (E:\Project\17.HT66F4560_EVM_V1.0\CODE\HT66F4560_TuYa_FishTank_V1.0\.output\DRV_TIMERS.OBJ)
     00h     00ebh     00ebh    0001h      DATA     3         @HCCINIT___gu8v_Time_Is_10s_2410 (E:\Project\17.HT66F4560_EVM_V1.0\CODE\HT66F4560_TuYa_FishTank_V1.0\.output\DRV_TIMERS.OBJ)
     00h     00ech     00edh    0002h      DATA     3         @HCCINIT___gu16v_KEY4_Wifi_SmartConfig_2634 (E:\Project\17.HT66F4560_EVM_V1.0\CODE\HT66F4560_TuYa_FishTank_V1.0\.output\KEYSCAN.OBJ)
     00h     00eeh     00eeh    0001h      DATA     2         @HCCINIT___mcu_reset_state_1119 (E:\Project\17.HT66F4560_EVM_V1.0\CODE\HT66F4560_TuYa_FishTank_V1.0\.output\SYSTEM.OBJ)
     00h     00efh     00efh    0001h      DATA     10        @HCCINIT0_KEY_State (E:\Project\17.HT66F4560_EVM_V1.0\CODE\HT66F4560_TuYa_FishTank_V1.0\.output\KEYSCAN.OBJ)
     00h     00f0h     00f0h    0001h      DATA     7         @HCCINIT0_stop_update_flag (E:\Project\17.HT66F4560_EVM_V1.0\CODE\HT66F4560_TuYa_FishTank_V1.0\.output\SYSTEM.OBJ)
     00h     00f1h     00f2h    0002h      DATA     7         @HCCINIT0_rx_buf_out (E:\Project\17.HT66F4560_EVM_V1.0\CODE\HT66F4560_TuYa_FishTank_V1.0\.output\SYSTEM.OBJ)
     00h     00f3h     00f4h    0002h      DATA     7         @HCCINIT0_rx_buf_in (E:\Project\17.HT66F4560_EVM_V1.0\CODE\HT66F4560_TuYa_FishTank_V1.0\.output\SYSTEM.OBJ)
     00h     00f5h     00f5h    0001h      DATA     6         @HCCINIT0_gu8v_FishFood_FeedTimers (E:\Project\17.HT66F4560_EVM_V1.0\CODE\HT66F4560_TuYa_FishTank_V1.0\.output\TUYA_JDQ_KEY_LED.OBJ)
     00h     00f6h     00f6h    0001h      DATA     6         @HCCINIT0_gu8v_FishFood_State (E:\Project\17.HT66F4560_EVM_V1.0\CODE\HT66F4560_TuYa_FishTank_V1.0\.output\TUYA_JDQ_KEY_LED.OBJ)
     00h     00f7h     00f7h    0001h      DATA     5         @HCCINIT0_gu8v_FishFood_State_Last (E:\Project\17.HT66F4560_EVM_V1.0\CODE\HT66F4560_TuYa_FishTank_V1.0\.output\TUYA_JDQ_KEY_LED.OBJ)
     00h     00f8h     00f8h    0001h      DATA     3         @HCCINIT0_wifi_work_state (E:\Project\17.HT66F4560_EVM_V1.0\CODE\HT66F4560_TuYa_FishTank_V1.0\.output\SYSTEM.OBJ)
     00h     00f9h     00f9h    0001h      DATA     3         @HCCINIT0_set_wifimode_flag (E:\Project\17.HT66F4560_EVM_V1.0\CODE\HT66F4560_TuYa_FishTank_V1.0\.output\SYSTEM.OBJ)
     00h     00fah     00fah    0001h      DATA     3         @HCCINIT0_reset_wifi_flag (E:\Project\17.HT66F4560_EVM_V1.0\CODE\HT66F4560_TuYa_FishTank_V1.0\.output\SYSTEM.OBJ)
     00h     00fbh     00fbh    0001h      DATA     2         @HCCINIT0_temp_N (E:\Project\17.HT66F4560_EVM_V1.0\CODE\HT66F4560_TuYa_FishTank_V1.0\.output\DHT11.OBJ)
     00h     00fch     00fdh    0002h      DATA     2         @HCCINIT0_DS18B20_Temp (E:\Project\17.HT66F4560_EVM_V1.0\CODE\HT66F4560_TuYa_FishTank_V1.0\.output\TUYA_JDQ_KEY_LED.OBJ)
     00h     00feh     00feh    0001h      DATA     2         @HCCINIT0_data_temp (E:\Project\17.HT66F4560_EVM_V1.0\CODE\HT66F4560_TuYa_FishTank_V1.0\.output\DRV_USIM.OBJ)
     00h     00ffh     00ffh    0001h      DATA     1         @HCCINIT0_hum_N (E:\Project\17.HT66F4560_EVM_V1.0\CODE\HT66F4560_TuYa_FishTank_V1.0\.output\DHT11.OBJ)
     01h     0080h     0080h    0001h      DATA     1         @HCCINIT0_temp_Dio (E:\Project\17.HT66F4560_EVM_V1.0\CODE\HT66F4560_TuYa_FishTank_V1.0\.output\DHT11.OBJ)
     01h     0081h     00b7h    0037h      DATA     0.1090    @HCCINIT0_wifi_uart_tx_buf (E:\Project\17.HT66F4560_EVM_V1.0\CODE\HT66F4560_TuYa_FishTank_V1.0\.output\SYSTEM.OBJ)
     01h     00b8h     00b9h    0002h      DATA     0         @HCCINIT0_DS18B20_Temp_Debug (E:\Project\17.HT66F4560_EVM_V1.0\CODE\HT66F4560_TuYa_FishTank_V1.0\.output\HT66F4560_TUYA_FISHTANK.OBJ)
     01h     00bah     00c0h    0007h      DATA     0         @HCCINIT0_time_Last (E:\Project\17.HT66F4560_EVM_V1.0\CODE\HT66F4560_TuYa_FishTank_V1.0\.output\DS1302.OBJ)
     01h     00c1h     00d7h    0017h      DATA     0         @HCCINIT0_wifi_uart_rx_buf (E:\Project\17.HT66F4560_EVM_V1.0\CODE\HT66F4560_TuYa_FishTank_V1.0\.output\SYSTEM.OBJ)
     01h     00d8h     00f6h    001fh      DATA     0         @HCCINIT0_wifi_data_process_buf (E:\Project\17.HT66F4560_EVM_V1.0\CODE\HT66F4560_TuYa_FishTank_V1.0\.output\SYSTEM.OBJ)
     01h     00f7h     00f7h    0001h      DATA     2         @data_r30c (isr:ra~rh)
     01h     00f8h     00f8h    0001h      DATA     2         @data_r318 (isr:ra~rh)
     01h     00f9h     00f9h    0001h      DATA     2         @data_r31c (isr:ra~rh)
     01h     00fah     00fah    0001h      DATA     2         @data_r334 (isr:ra~rh)
     01h     00fbh     00fbh    0001h      DATA     2         @data_r434 (isr:ra~rh)
     01h     00fch     00fch    0001h      DATA     2         @data_r534 (isr:ra~rh)
     01h     00fdh     00fdh    0001h      DATA     2         @data_r634 (isr:ra~rh)
     01h     00feh     00feh    0001h      DATA     2         @data_r734 (isr:ra~rh)

     Local Sections

     Bank    Start     End      Length     Class    AvgIns    Name
     00h     00e0h     00e0h    0000h      LOCAL    0         @dummy (E:\Project\17.HT66F4560_EVM_V1.0\CODE\HT66F4560_TuYa_FishTank_V1.0\.output\HT66F4560_TUYA_FISHTANK.OBJ)
     00h     00e0h     00e0h    0000h      LOCAL    0         _main (E:\Project\17.HT66F4560_EVM_V1.0\CODE\HT66F4560_TuYa_FishTank_V1.0\.output\HT66F4560_TUYA_FISHTANK.OBJ)
     00h     00b1h     00b1h    0000h      LOCAL    0         _fun_TuYa_JDQ_LED_IO_Init (E:\Project\17.HT66F4560_EVM_V1.0\CODE\HT66F4560_TuYa_FishTank_V1.0\.output\TUYA_JDQ_KEY_LED.OBJ)
     00h     00b1h     00b1h    0000h      LOCAL    0         _Drv_SysClockInit (E:\Project\17.HT66F4560_EVM_V1.0\CODE\HT66F4560_TuYa_FishTank_V1.0\.output\DRV_SYSCLOCK.OBJ)
     00h     00b1h     00b1h    0000h      LOCAL    0         _Drv_RamInit (E:\Project\17.HT66F4560_EVM_V1.0\CODE\HT66F4560_TuYa_FishTank_V1.0\.output\DRV_RAM.OBJ)
     00h     00b1h     00b1h    0000h      LOCAL    0         _Key_Init (E:\Project\17.HT66F4560_EVM_V1.0\CODE\HT66F4560_TuYa_FishTank_V1.0\.output\KEYSCAN.OBJ)
     00h     00b1h     00b1h    0000h      LOCAL    0         _Drv_UART0_Init (E:\Project\17.HT66F4560_EVM_V1.0\CODE\HT66F4560_TuYa_FishTank_V1.0\.output\DRV_USIM.OBJ)
     00h     00b1h     00b1h    0000h      LOCAL    0         _wifi_protocol_init (E:\Project\17.HT66F4560_EVM_V1.0\CODE\HT66F4560_TuYa_FishTank_V1.0\.output\MCU_API.OBJ)
     00h     00b2h     00b2h    0000h      LOCAL    0         _fun_KeyScan (E:\Project\17.HT66F4560_EVM_V1.0\CODE\HT66F4560_TuYa_FishTank_V1.0\.output\KEYSCAN.OBJ)
     00h     00b1h     00b1h    0001h      LOCAL    4         _builtin_holtek_delay_isr00 (C:\Program Files\Holtek MCU Development Tools\HT-IDE3000V8.x\LIB\LIBHOLTEKGCC.LIB)
     00h     00bbh     00bbh    0000h      LOCAL    0         _fun_Key (E:\Project\17.HT66F4560_EVM_V1.0\CODE\HT66F4560_TuYa_FishTank_V1.0\.output\KEYSCAN.OBJ)
     00h     00bah     00bah    0001h      LOCAL    0         _mcu_set_wifi_mode (E:\Project\17.HT66F4560_EVM_V1.0\CODE\HT66F4560_TuYa_FishTank_V1.0\.output\MCU_API.OBJ)
     00h     00b1h     00b3h    0003h      LOCAL    45        _set_wifi_uart_byte (E:\Project\17.HT66F4560_EVM_V1.0\CODE\HT66F4560_TuYa_FishTank_V1.0\.output\SYSTEM.OBJ)
     00h     00b2h     00b9h    0008h      LOCAL    9.875     _wifi_uart_write_frame (E:\Project\17.HT66F4560_EVM_V1.0\CODE\HT66F4560_TuYa_FishTank_V1.0\.output\SYSTEM.OBJ)
     00h     00b1h     00b1h    0000h      LOCAL    0         _Crom2Prom (CROM2PROM)
     00h     00b1h     00b1h    0001h      LOCAL    2         _uart_transmit_output (E:\Project\17.HT66F4560_EVM_V1.0\CODE\HT66F4560_TuYa_FishTank_V1.0\.output\PROTOCOL.OBJ)
     00h     00b1h     00b1h    0000h      LOCAL    0         _fun_JDQ_FishFood_MotoIO (E:\Project\17.HT66F4560_EVM_V1.0\CODE\HT66F4560_TuYa_FishTank_V1.0\.output\TUYA_JDQ_KEY_LED.OBJ)
     00h     00d8h     00dfh    0008h      LOCAL    7.75      _wifi_uart_service (E:\Project\17.HT66F4560_EVM_V1.0\CODE\HT66F4560_TuYa_FishTank_V1.0\.output\MCU_API.OBJ)
     00h     00b1h     00b1h    0000h      LOCAL    0         _with_data_rxbuff (E:\Project\17.HT66F4560_EVM_V1.0\CODE\HT66F4560_TuYa_FishTank_V1.0\.output\SYSTEM.OBJ)
     00h     00b1h     00b1h    0000h      LOCAL    0         _take_byte_rxbuff (E:\Project\17.HT66F4560_EVM_V1.0\CODE\HT66F4560_TuYa_FishTank_V1.0\.output\SYSTEM.OBJ)
     00h     00b1h     00b6h    0006h      LOCAL    8.6667    _my_memcpy (E:\Project\17.HT66F4560_EVM_V1.0\CODE\HT66F4560_TuYa_FishTank_V1.0\.output\MCU_API.OBJ)
     00h     00b1h     00b4h    0004h      LOCAL    2         _get_check_sum (E:\Project\17.HT66F4560_EVM_V1.0\CODE\HT66F4560_TuYa_FishTank_V1.0\.output\SYSTEM.OBJ)
     00h     00c6h     00d7h    0012h      LOCAL    5.1667    _data_handle (E:\Project\17.HT66F4560_EVM_V1.0\CODE\HT66F4560_TuYa_FishTank_V1.0\.output\SYSTEM.OBJ)
     00h     00bah     00c5h    000ch      LOCAL    1.25      _open_module_time_serve_result (E:\Project\17.HT66F4560_EVM_V1.0\CODE\HT66F4560_TuYa_FishTank_V1.0\.output\PROTOCOL.OBJ)
     00h     00b1h     00b2h    0002h      LOCAL    9         _my_strlen (E:\Project\17.HT66F4560_EVM_V1.0\CODE\HT66F4560_TuYa_FishTank_V1.0\.output\MCU_API.OBJ)
     00h     00b7h     00bch    0006h      LOCAL    10.667    _set_wifi_uart_buffer (E:\Project\17.HT66F4560_EVM_V1.0\CODE\HT66F4560_TuYa_FishTank_V1.0\.output\SYSTEM.OBJ)
     00h     00b1h     00b1h    0000h      LOCAL    0         _get_download_cmd_total (E:\Project\17.HT66F4560_EVM_V1.0\CODE\HT66F4560_TuYa_FishTank_V1.0\.output\PROTOCOL.OBJ)
     00h     00bfh     00c3h    0005h      LOCAL    12.2      _dp_download_handle (E:\Project\17.HT66F4560_EVM_V1.0\CODE\HT66F4560_TuYa_FishTank_V1.0\.output\PROTOCOL.OBJ)
     00h     00b1h     00b4h    0004h      LOCAL    10.5      _mcu_get_dp_download_bool (E:\Project\17.HT66F4560_EVM_V1.0\CODE\HT66F4560_TuYa_FishTank_V1.0\.output\MCU_API.OBJ)
     00h     00bbh     00beh    0004h      LOCAL    4.5       _mcu_get_dp_download_value (E:\Project\17.HT66F4560_EVM_V1.0\CODE\HT66F4560_TuYa_FishTank_V1.0\.output\MCU_API.OBJ)
     00h     00b1h     00bah    000ah      LOCAL    3.5       _byte_to_int (E:\Project\17.HT66F4560_EVM_V1.0\CODE\HT66F4560_TuYa_FishTank_V1.0\.output\MCU_API.OBJ)
     00h     00bah     00bbh    0002h      LOCAL    8.5       _mcu_dp_bool_update (E:\Project\17.HT66F4560_EVM_V1.0\CODE\HT66F4560_TuYa_FishTank_V1.0\.output\MCU_API.OBJ)
     00h     00bah     00beh    0005h      LOCAL    7.8       _mcu_dp_value_update (E:\Project\17.HT66F4560_EVM_V1.0\CODE\HT66F4560_TuYa_FishTank_V1.0\.output\MCU_API.OBJ)
     00h     00bfh     00bfh    0000h      LOCAL    0         _all_data_update (E:\Project\17.HT66F4560_EVM_V1.0\CODE\HT66F4560_TuYa_FishTank_V1.0\.output\PROTOCOL.OBJ)
     00h     00bah     00bbh    0002h      LOCAL    2.5       _mcu_dp_enum_update (E:\Project\17.HT66F4560_EVM_V1.0\CODE\HT66F4560_TuYa_FishTank_V1.0\.output\MCU_API.OBJ)
     00h     00b1h     00b8h    0008h      LOCAL    7.625     _builtin_holtek_divmodhi4_isr00 (C:\Program Files\Holtek MCU Development Tools\HT-IDE3000V8.x\LIB\LIBHOLTEKGCC.LIB)
     00h     00bah     00bah    0000h      LOCAL    0         _mcu_get_system_time (E:\Project\17.HT66F4560_EVM_V1.0\CODE\HT66F4560_TuYa_FishTank_V1.0\.output\MCU_API.OBJ)
     00h     00b1h     00b2h    0002h      LOCAL    2         _mcu_write_rtctime (E:\Project\17.HT66F4560_EVM_V1.0\CODE\HT66F4560_TuYa_FishTank_V1.0\.output\PROTOCOL.OBJ)
     00h     00b1h     00b2h    0002h      LOCAL    0.5       _wifi_test_result (E:\Project\17.HT66F4560_EVM_V1.0\CODE\HT66F4560_TuYa_FishTank_V1.0\.output\PROTOCOL.OBJ)
     00h     00b1h     00b1h    0001h      LOCAL    0         _get_wifi_status (E:\Project\17.HT66F4560_EVM_V1.0\CODE\HT66F4560_TuYa_FishTank_V1.0\.output\PROTOCOL.OBJ)
     00h     00b4h     00bah    0007h      LOCAL    1.4286    _DHT11_Read_Data (E:\Project\17.HT66F4560_EVM_V1.0\CODE\HT66F4560_TuYa_FishTank_V1.0\.output\DHT11.OBJ)
     00h     00b3h     00b3h    0001h      LOCAL    2         _DHT11_Rst (E:\Project\17.HT66F4560_EVM_V1.0\CODE\HT66F4560_TuYa_FishTank_V1.0\.output\DHT11.OBJ)
     00h     00b2h     00b2h    0001h      LOCAL    3         _delay_ms (E:\Project\17.HT66F4560_EVM_V1.0\CODE\HT66F4560_TuYa_FishTank_V1.0\.output\DHT11.OBJ)
     00h     00b1h     00b1h    0000h      LOCAL    0         __DELAYX (C:\Program Files\Holtek MCU Development Tools\HT-IDE3000V8.x\LIB\LIBHOLTEKGCC.LIB)
     00h     00b1h     00b1h    0000h      LOCAL    0         _DHT11_Check (E:\Project\17.HT66F4560_EVM_V1.0\CODE\HT66F4560_TuYa_FishTank_V1.0\.output\DHT11.OBJ)
     00h     00b1h     00b2h    0002h      LOCAL    2         _DHT11_Read_Byte (E:\Project\17.HT66F4560_EVM_V1.0\CODE\HT66F4560_TuYa_FishTank_V1.0\.output\DHT11.OBJ)
     00h     00b1h     00b1h    0000h      LOCAL    0         _DHT11_Read_Bit (E:\Project\17.HT66F4560_EVM_V1.0\CODE\HT66F4560_TuYa_FishTank_V1.0\.output\DHT11.OBJ)
     00h     00b3h     00b3h    0001h      LOCAL    4         _DS18B20_Get_Temp (E:\Project\17.HT66F4560_EVM_V1.0\CODE\HT66F4560_TuYa_FishTank_V1.0\.output\DS18B20.OBJ)
     00h     00b2h     00b2h    0000h      LOCAL    0         _DS18B20_Start (E:\Project\17.HT66F4560_EVM_V1.0\CODE\HT66F4560_TuYa_FishTank_V1.0\.output\DS18B20.OBJ)
     00h     00b2h     00b2h    0000h      LOCAL    0         _DS18B20_Rst (E:\Project\17.HT66F4560_EVM_V1.0\CODE\HT66F4560_TuYa_FishTank_V1.0\.output\DS18B20.OBJ)
     00h     00b1h     00b1h    0000h      LOCAL    0         _DS18B20_Check (E:\Project\17.HT66F4560_EVM_V1.0\CODE\HT66F4560_TuYa_FishTank_V1.0\.output\DS18B20.OBJ)
     00h     00b1h     00b1h    0001h      LOCAL    3         _DS18B20_Write_Byte (E:\Project\17.HT66F4560_EVM_V1.0\CODE\HT66F4560_TuYa_FishTank_V1.0\.output\DS18B20.OBJ)
     00h     00b1h     00b1h    0000h      LOCAL    0         __DELAY (C:\Program Files\Holtek MCU Development Tools\HT-IDE3000V8.x\LIB\LIBHOLTEKGCC.LIB)
     00h     00b1h     00b2h    0002h      LOCAL    3         _DS18B20_Read_Byte (E:\Project\17.HT66F4560_EVM_V1.0\CODE\HT66F4560_TuYa_FishTank_V1.0\.output\DS18B20.OBJ)
     00h     00b1h     00b1h    0000h      LOCAL    0         _DS18B20_Read_Bit (E:\Project\17.HT66F4560_EVM_V1.0\CODE\HT66F4560_TuYa_FishTank_V1.0\.output\DS18B20.OBJ)
     00h     00b1h     00b1h    0000h      LOCAL    0         _builtin_holtek_itod (C:\Program Files\Holtek MCU Development Tools\HT-IDE3000V8.x\LIB\LIBHOLTEKGCC.LIB)
     00h     00b1h     00b1h    0000h      LOCAL    0         _builtin_holtek_dtmul (C:\Program Files\Holtek MCU Development Tools\HT-IDE3000V8.x\LIB\LIBHOLTEKGCC.LIB)
     00h     00b1h     00b1h    0000h      LOCAL    0         _builtin_holtek_dtdecode (C:\Program Files\Holtek MCU Development Tools\HT-IDE3000V8.x\LIB\LIBHOLTEKGCC.LIB)
     00h     00b1h     00b1h    0000h      LOCAL    0         _builtin_holtek_dtol (C:\Program Files\Holtek MCU Development Tools\HT-IDE3000V8.x\LIB\LIBHOLTEKGCC.LIB)
     00h     00b7h     00b8h    0002h      LOCAL    2         _oled_pow (E:\Project\17.HT66F4560_EVM_V1.0\CODE\HT66F4560_TuYa_FishTank_V1.0\.output\OLED.OBJ)
     00h     00b1h     00b6h    0006h      LOCAL    3.1667    _builtin_holtek_mulhi3_isr00 (C:\Program Files\Holtek MCU Development Tools\HT-IDE3000V8.x\LIB\LIBHOLTEKGCC.LIB)
     00h     00bdh     00c5h    0009h      LOCAL    2.7778    _oled_shownum (E:\Project\17.HT66F4560_EVM_V1.0\CODE\HT66F4560_TuYa_FishTank_V1.0\.output\OLED.OBJ)
     00h     00b1h     00b2h    0002h      LOCAL    4.5       _builtin_holtek_mulqi3_isr00 (C:\Program Files\Holtek MCU Development Tools\HT-IDE3000V8.x\LIB\LIBHOLTEKGCC.LIB)
     00h     00b7h     00bch    0006h      LOCAL    3.3333    _oled_showchar (E:\Project\17.HT66F4560_EVM_V1.0\CODE\HT66F4560_TuYa_FishTank_V1.0\.output\OLED.OBJ)
     00h     00b5h     00b6h    0002h      LOCAL    3.5       _oled_set_pos (E:\Project\17.HT66F4560_EVM_V1.0\CODE\HT66F4560_TuYa_FishTank_V1.0\.output\OLED.OBJ)
     00h     00b4h     00b4h    0001h      LOCAL    2         _oled_write_cmd (E:\Project\17.HT66F4560_EVM_V1.0\CODE\HT66F4560_TuYa_FishTank_V1.0\.output\OLED.OBJ)
     00h     00b1h     00b1h    0000h      LOCAL    0         _oled_iic_start (E:\Project\17.HT66F4560_EVM_V1.0\CODE\HT66F4560_TuYa_FishTank_V1.0\.output\OLED.OBJ)
     00h     00b1h     00b3h    0003h      LOCAL    3.3333    _oled_write_byte (E:\Project\17.HT66F4560_EVM_V1.0\CODE\HT66F4560_TuYa_FishTank_V1.0\.output\OLED.OBJ)
     00h     00b1h     00b1h    0000h      LOCAL    0         _oled_iic_wait_ack (E:\Project\17.HT66F4560_EVM_V1.0\CODE\HT66F4560_TuYa_FishTank_V1.0\.output\OLED.OBJ)
     00h     00b1h     00b1h    0000h      LOCAL    0         _oled_iic_stop (E:\Project\17.HT66F4560_EVM_V1.0\CODE\HT66F4560_TuYa_FishTank_V1.0\.output\OLED.OBJ)
     00h     00b4h     00b4h    0001h      LOCAL    2         _oled_write_dat (E:\Project\17.HT66F4560_EVM_V1.0\CODE\HT66F4560_TuYa_FishTank_V1.0\.output\OLED.OBJ)
     00h     00bdh     00c2h    0006h      LOCAL    2.1667    _oled_showstring (E:\Project\17.HT66F4560_EVM_V1.0\CODE\HT66F4560_TuYa_FishTank_V1.0\.output\OLED.OBJ)
     00h     00b7h     00bfh    0009h      LOCAL    2.1111    _oled_showphoto (E:\Project\17.HT66F4560_EVM_V1.0\CODE\HT66F4560_TuYa_FishTank_V1.0\.output\OLED.OBJ)
     00h     00b7h     00b7h    0000h      LOCAL    0         _oled_init (E:\Project\17.HT66F4560_EVM_V1.0\CODE\HT66F4560_TuYa_FishTank_V1.0\.output\OLED.OBJ)
     00h     00b5h     00b6h    0002h      LOCAL    3.5       _oled_clear (E:\Project\17.HT66F4560_EVM_V1.0\CODE\HT66F4560_TuYa_FishTank_V1.0\.output\OLED.OBJ)
     00h     00b5h     00b6h    0002h      LOCAL    1.5       _oled_clear_hang (E:\Project\17.HT66F4560_EVM_V1.0\CODE\HT66F4560_TuYa_FishTank_V1.0\.output\OLED.OBJ)
     00h     00b4h     00b4h    0000h      LOCAL    0         _DHT11_Init (E:\Project\17.HT66F4560_EVM_V1.0\CODE\HT66F4560_TuYa_FishTank_V1.0\.output\DHT11.OBJ)
     00h     00b6h     00b6h    0001h      LOCAL    2         _Time_read_turn_Init_Stm (E:\Project\17.HT66F4560_EVM_V1.0\CODE\HT66F4560_TuYa_FishTank_V1.0\.output\DS1302.OBJ)
     00h     00b1h     00b5h    0005h      LOCAL    7         _builtin_holtek_divmodqi4_isr00 (C:\Program Files\Holtek MCU Development Tools\HT-IDE3000V8.x\LIB\LIBHOLTEKGCC.LIB)
     00h     00b6h     00b6h    0001h      LOCAL    2         _Time_read_turn_Init (E:\Project\17.HT66F4560_EVM_V1.0\CODE\HT66F4560_TuYa_FishTank_V1.0\.output\DS1302.OBJ)
     00h     00b4h     00b4h    0000h      LOCAL    0         _time_init (E:\Project\17.HT66F4560_EVM_V1.0\CODE\HT66F4560_TuYa_FishTank_V1.0\.output\DS1302.OBJ)
     00h     00b2h     00b3h    0002h      LOCAL    6         _ds1302_write_data (E:\Project\17.HT66F4560_EVM_V1.0\CODE\HT66F4560_TuYa_FishTank_V1.0\.output\DS1302.OBJ)
     00h     00b1h     00b1h    0001h      LOCAL    3         _write_one_byte (E:\Project\17.HT66F4560_EVM_V1.0\CODE\HT66F4560_TuYa_FishTank_V1.0\.output\DS1302.OBJ)
     00h     00b3h     00b3h    0000h      LOCAL    0         _time_read (E:\Project\17.HT66F4560_EVM_V1.0\CODE\HT66F4560_TuYa_FishTank_V1.0\.output\DS1302.OBJ)
     00h     00b2h     00b2h    0001h      LOCAL    2         _ds1302_read_data (E:\Project\17.HT66F4560_EVM_V1.0\CODE\HT66F4560_TuYa_FishTank_V1.0\.output\DS1302.OBJ)
     00h     00b1h     00b1h    0000h      LOCAL    0         _read_one_byte (E:\Project\17.HT66F4560_EVM_V1.0\CODE\HT66F4560_TuYa_FishTank_V1.0\.output\DS1302.OBJ)
     00h     00b1h     00b1h    0001h      LOCAL    0         _bcd_to_hex (E:\Project\17.HT66F4560_EVM_V1.0\CODE\HT66F4560_TuYa_FishTank_V1.0\.output\DS1302.OBJ)
     00h     00b1h     00b1h    0000h      LOCAL    0         @dummy12 (E:\Project\17.HT66F4560_EVM_V1.0\CODE\HT66F4560_TuYa_FishTank_V1.0\.output\DRV_TIMERS.OBJ)
     00h     00b1h     00b1h    0000h      LOCAL    0         _MuFunction0_ISR (E:\Project\17.HT66F4560_EVM_V1.0\CODE\HT66F4560_TuYa_FishTank_V1.0\.output\DRV_TIMERS.OBJ)
     00h     00b1h     00b1h    0000h      LOCAL    0         @dummy24 (E:\Project\17.HT66F4560_EVM_V1.0\CODE\HT66F4560_TuYa_FishTank_V1.0\.output\DRV_TIMERS.OBJ)
     00h     00b1h     00b1h    0000h      LOCAL    0         _TIMEBASE0_ISR (E:\Project\17.HT66F4560_EVM_V1.0\CODE\HT66F4560_TuYa_FishTank_V1.0\.output\DRV_TIMERS.OBJ)
     00h     00b1h     00b1h    0000h      LOCAL    0         @dummy28 (E:\Project\17.HT66F4560_EVM_V1.0\CODE\HT66F4560_TuYa_FishTank_V1.0\.output\DRV_TIMERS.OBJ)
     00h     00b1h     00b1h    0000h      LOCAL    0         _TIMEBASE1_ISR (E:\Project\17.HT66F4560_EVM_V1.0\CODE\HT66F4560_TuYa_FishTank_V1.0\.output\DRV_TIMERS.OBJ)
     00h     00b1h     00b1h    0000h      LOCAL    0         @dummy52 (E:\Project\17.HT66F4560_EVM_V1.0\CODE\HT66F4560_TuYa_FishTank_V1.0\.output\DRV_USIM.OBJ)
     00h     00b1h     00b1h    0000h      LOCAL    0         _USIM0_ISR (E:\Project\17.HT66F4560_EVM_V1.0\CODE\HT66F4560_TuYa_FishTank_V1.0\.output\DRV_USIM.OBJ)
     00h     00aeh     00b0h    0003h      LOCAL    0.6666    _uart_receive_input (E:\Project\17.HT66F4560_EVM_V1.0\CODE\HT66F4560_TuYa_FishTank_V1.0\.output\MCU_API.OBJ)
     00h     00b1h     00b4h    0004h      LOCAL    3         _my_strcpy (E:\Project\17.HT66F4560_EVM_V1.0\CODE\HT66F4560_TuYa_FishTank_V1.0\.output\MCU_API.OBJ)
     00h     00b1h     00b4h    0004h      LOCAL    2         _my_strcmp (E:\Project\17.HT66F4560_EVM_V1.0\CODE\HT66F4560_TuYa_FishTank_V1.0\.output\MCU_API.OBJ)
     00h     00bdh     00c1h    0005h      LOCAL    1.6       _mcu_dp_raw_update (E:\Project\17.HT66F4560_EVM_V1.0\CODE\HT66F4560_TuYa_FishTank_V1.0\.output\MCU_API.OBJ)
     00h     00bdh     00c1h    0005h      LOCAL    1.6       _mcu_dp_string_update (E:\Project\17.HT66F4560_EVM_V1.0\CODE\HT66F4560_TuYa_FishTank_V1.0\.output\MCU_API.OBJ)
     00h     00bah     00beh    0005h      LOCAL    2.8       _mcu_dp_fault_update (E:\Project\17.HT66F4560_EVM_V1.0\CODE\HT66F4560_TuYa_FishTank_V1.0\.output\MCU_API.OBJ)
     00h     00b1h     00b4h    0004h      LOCAL    0.5       _mcu_get_dp_download_enum (E:\Project\17.HT66F4560_EVM_V1.0\CODE\HT66F4560_TuYa_FishTank_V1.0\.output\MCU_API.OBJ)
     00h     00b1h     00b6h    0006h      LOCAL    2         _uart_receive_buff_input (E:\Project\17.HT66F4560_EVM_V1.0\CODE\HT66F4560_TuYa_FishTank_V1.0\.output\MCU_API.OBJ)
     00h     00bah     00bah    0000h      LOCAL    0         _mcu_reset_wifi (E:\Project\17.HT66F4560_EVM_V1.0\CODE\HT66F4560_TuYa_FishTank_V1.0\.output\MCU_API.OBJ)
     00h     00bah     00bah    0000h      LOCAL    0         _mcu_start_wifitest (E:\Project\17.HT66F4560_EVM_V1.0\CODE\HT66F4560_TuYa_FishTank_V1.0\.output\MCU_API.OBJ)
     00h     00bah     00bah    0000h      LOCAL    0         _mcu_get_wifi_connect_status (E:\Project\17.HT66F4560_EVM_V1.0\CODE\HT66F4560_TuYa_FishTank_V1.0\.output\MCU_API.OBJ)
     00h     00bah     00bah    0001h      LOCAL    2         _open_module_time_serve (E:\Project\17.HT66F4560_EVM_V1.0\CODE\HT66F4560_TuYa_FishTank_V1.0\.output\MCU_API.OBJ)
     00h     00bah     00bah    0000h      LOCAL    0         _request_weather_serve (E:\Project\17.HT66F4560_EVM_V1.0\CODE\HT66F4560_TuYa_FishTank_V1.0\.output\MCU_API.OBJ)
     00h     00bah     00bah    0000h      LOCAL    0         _open_module_reset_state_serve (E:\Project\17.HT66F4560_EVM_V1.0\CODE\HT66F4560_TuYa_FishTank_V1.0\.output\MCU_API.OBJ)

     Indepentent Local Sections

     Bank    Start     End      Length     Class    AvgIns    Name
     00h     00b1h     00b1h    0001h      ILOCAL   0         _delay_1us (E:\Project\17.HT66F4560_EVM_V1.0\CODE\HT66F4560_TuYa_FishTank_V1.0\.output\OLED.OBJ)
     00h     00b1h     00b2h    0002h      ILOCAL   0         _delay_us (E:\Project\17.HT66F4560_EVM_V1.0\CODE\HT66F4560_TuYa_FishTank_V1.0\.output\DHT11.OBJ)
     00h     00b1h     00b1h    0000h      ILOCAL   0         _ds1302_init (E:\Project\17.HT66F4560_EVM_V1.0\CODE\HT66F4560_TuYa_FishTank_V1.0\.output\DS1302.OBJ)
     00h     00b1h     00b2h    0002h      ILOCAL   6         _hex_to_bcd (E:\Project\17.HT66F4560_EVM_V1.0\CODE\HT66F4560_TuYa_FishTank_V1.0\.output\MCU_API.OBJ)
     00h     00b1h     00b5h    0005h      ILOCAL   1.8       _my_memset (E:\Project\17.HT66F4560_EVM_V1.0\CODE\HT66F4560_TuYa_FishTank_V1.0\.output\MCU_API.OBJ)
     00h     00b1h     00b6h    0006h      ILOCAL   2         _int_to_byte (E:\Project\17.HT66F4560_EVM_V1.0\CODE\HT66F4560_TuYa_FishTank_V1.0\.output\MCU_API.OBJ)
     00h     00b1h     00b1h    0000h      ILOCAL   0         _mcu_get_reset_wifi_flag (E:\Project\17.HT66F4560_EVM_V1.0\CODE\HT66F4560_TuYa_FishTank_V1.0\.output\MCU_API.OBJ)
     00h     00b1h     00b1h    0000h      ILOCAL   0         _mcu_get_wifimode_flag (E:\Project\17.HT66F4560_EVM_V1.0\CODE\HT66F4560_TuYa_FishTank_V1.0\.output\MCU_API.OBJ)
     00h     00b1h     00b1h    0000h      ILOCAL   0         _mcu_get_wifi_work_state (E:\Project\17.HT66F4560_EVM_V1.0\CODE\HT66F4560_TuYa_FishTank_V1.0\.output\MCU_API.OBJ)
     00h     00b1h     00b1h    0000h      ILOCAL   0         _builtin_holtek_uitod (C:\Program Files\Holtek MCU Development Tools\HT-IDE3000V8.x\LIB\LIBHOLTEKGCC.LIB)
     00h     00b1h     00b1h    0000h      ILOCAL   0         _builtin_holtek_dtnorm (C:\Program Files\Holtek MCU Development Tools\HT-IDE3000V8.x\LIB\LIBHOLTEKGCC.LIB)
     00h     00b1h     00b1h    0000h      ILOCAL   0         _builtin_holtek_dtinf (C:\Program Files\Holtek MCU Development Tools\HT-IDE3000V8.x\LIB\LIBHOLTEKGCC.LIB)

     Public Symbols Information
     Address            Public by Name
     0894h              _Crom2Prom
     0893h              _Crom2PromNext
     080eh              _DHT11_Check
     1479h              _DHT11_Init
     07eah              _DHT11_Read_Bit
     0800h              _DHT11_Read_Byte
     084ch              _DHT11_Read_Data
     083dh              _DHT11_Rst
     0736h              _DS18B20_Check
     0783h              _DS18B20_Get_Temp
     06edh              _DS18B20_Read_Bit
     0700h              _DS18B20_Read_Byte
     076bh              _DS18B20_Rst
     077ch              _DS18B20_Start
     00fch              _DS18B20_Temp
     01b8h              _DS18B20_Temp_Debug
     0712h              _DS18B20_Write_Byte
     10f3h              _Drv_RamInit
     1106h              _Drv_SysClockInit
     10d3h              _Drv_UART0_Init
     05adh              _F6x8
     00efh              _KEY_State
     10eah              _Key_Init
     03adh              _LOGO_HOLTEK
     01adh              _LOGO_VIKING
     005bh              _MuFunction0_ISR
     0010h              _MuFunction1_ISR
     007ah              _TIMEBASE0_ISR
     009ch              _TIMEBASE1_ISR
     1425h              _Time_read_turn_Init
     144fh              _Time_read_turn_Init_Stm
     00b3h              _USIM0_ISR
     0031h              __DELAY0
     0030h              __DELAY1
     002fh              __DELAY2
     002eh              __DELAY3
     0008h              __DELAYX0
     0007h              __DELAYX1
     0006h              __DELAYX2
     0005h              __DELAYX3
     0004h              __DELAYX4
     0003h              __DELAYX5
     0002h              __DELAYX6
     075fh              __DELAYY0_isr00
     075fh              __DELAYY1_isr00
     075eh              __DELAYY2_isr00
     075eh              __DELAYY3_isr00
     075dh              __DELAYY4_isr00
     075dh              __DELAYY5_isr00
     09eah              _all_data_update
     133fh              _bcd_to_hex
     0901h              _builtin_holtek_divmodhi4_isr00
     0101h              _builtin_holtek_dtdecode1
     00f6h              _builtin_holtek_dtdecode2
     0011h              _builtin_holtek_dtinf
     010eh              _builtin_holtek_dtmul
     0179h              _builtin_holtek_dtnorm
     014eh              _builtin_holtek_dtol
     0109h              _builtin_holtek_dtzero
     010ch              _builtin_holtek_dtzero1
     008fh              _builtin_holtek_exp1
     0098h              _builtin_holtek_exp2
     0091h              _builtin_holtek_floatflag
     0020h              _builtin_holtek_itod
     008ch              _builtin_holtek_mant1
     0092h              _builtin_holtek_mant12p
     0095h              _builtin_holtek_mant2
     1644h              _builtin_holtek_mulhi3_isr00
     15c4h              _builtin_holtek_mulqi3_isr00
     0099h              _builtin_holtek_prod
     0090h              _builtin_holtek_signs
     090ah              _builtin_holtek_udivmodhi4_isr00
     140ch              _builtin_holtek_udivmodqi4_isr00
     0029h              _builtin_holtek_uitod
     0a82h              _byte_to_int
     0cf7h              _data_handle
     00c6h              _data_handle_2
     00feh              _data_temp
     00f4h              _delay_1us
     0831h              _delay_ms
     00f5h              _delay_us
     06c1h              _download_cmd
     0af4h              _dp_download_handle
     1677h              _ds1302_init
     137dh              _ds1302_read_data
     13d1h              _ds1302_write_data
     1011h              _fun_JDQ_FishFood_MotoIO
     104bh              _fun_Key
     1081h              _fun_KeyScan
     110eh              _fun_TuYa_JDQ_LED_IO_Init
     0081h[4]           _gbv_DHT_DS18B20_Is_5s_Start
     0082h[0]           _gbv_KEY4_Is_long_Press
     0081h[5]           _gbv_KeyScan_Time_Is_8ms
     0081h[1]           _gbv_Time_Is_1s
     0081h[0]           _gbv_Time_Is_8ms
     0081h[3]           _gbv_TuYa_Send_Data_Is_10s
     0081h[2]           _gbv_wifi_Send_Data_Is_300ms
     0083h[1]           _gbv_wifi_Send_FeedState
     0083h[3]           _gbv_wifi_Send_JDQ_FishFood
     0083h[4]           _gbv_wifi_Send_JDQ_Water
     0083h[2]           _gbv_wifi_Send_LED1
     0083h[0]           _gbv_wifi_send_FeedTimers
     0ed7h              _get_check_sum
     0c1ch              _get_download_cmd_total
     0032h              _get_wifi_status
     00f5h              _gu8v_FishFood_FeedTimers
     00f6h              _gu8v_FishFood_State
     00f7h              _gu8v_FishFood_State_Last
     167eh              _hex_to_bcd
     00ffh              _hum_N
     16e3h              _int_to_byte
     1122h              _main
     09b8h              _mcu_dp_bool_update
     098ah              _mcu_dp_enum_update
     1200h              _mcu_dp_fault_update
     12a7h              _mcu_dp_raw_update
     1272h              _mcu_dp_string_update
     0947h              _mcu_dp_value_update
     0aech              _mcu_get_dp_download_bool
     11f8h              _mcu_get_dp_download_enum
     0ae6h              _mcu_get_dp_download_value
     1702h              _mcu_get_reset_wifi_flag
     08fah              _mcu_get_system_time
     11cdh              _mcu_get_wifi_connect_status
     170ah              _mcu_get_wifi_work_state
     1706h              _mcu_get_wifimode_flag
     11dbh              _mcu_reset_wifi
     103ch              _mcu_set_wifi_mode
     11d4h              _mcu_start_wifitest
     0a3dh              _mcu_write_rtctime
     0c1eh              _my_memcpy
     16bdh              _my_memset
     12dbh              _my_strcmp
     1310h              _my_strcpy
     0c8bh              _my_strlen
     14feh              _oled_clear
     14d6h              _oled_clear_hang
     14bbh              _oled_iic_start
     147fh              _oled_iic_stop
     1484h              _oled_iic_wait_ack
     1516h              _oled_init
     1657h              _oled_pow
     00b7h              _oled_pow_2
     14ech              _oled_set_pos
     00b5h              _oled_set_pos_2
     1570h              _oled_showchar
     00b9h              _oled_showchar_2
     15ceh              _oled_shownum
     00bdh              _oled_shownum_2
     154fh              _oled_showphoto
     15a4h              _oled_showstring
     1493h              _oled_write_byte
     14cch              _oled_write_cmd
     14c2h              _oled_write_dat
     119bh              _open_module_reset_state_serve
     11b7h              _open_module_time_serve
     0cb9h              _open_module_time_serve_result
     1354h              _read_one_byte
     11a9h              _request_weather_serve
     00fah              _reset_wifi_flag
     00f3h              _rx_buf_in
     00f1h              _rx_buf_out
     0c75h              _set_wifi_uart_buffer
     0938h              _set_wifi_uart_byte
     00f9h              _set_wifimode_flag
     00f0h              _stop_update_flag
     0ef6h              _take_byte_rxbuff
     0180h              _temp_Dio
     00fbh              _temp_N
     00e2h              _time
     01bah              _time_Last
     13e8h              _time_init
     1398h              _time_read
     11e3h              _uart_receive_buff_input
     115ch              _uart_receive_input
     088bh              _uart_transmit_output
     01d8h              _wifi_data_process_buf
     10c8h              _wifi_protocol_init
     0033h              _wifi_test_result
     01c1h              _wifi_uart_rx_buf
     0f35h              _wifi_uart_service
     0181h              _wifi_uart_tx_buf
     08a3h              _wifi_uart_write_frame
     00f8h              _wifi_work_state
     0f1eh              _with_data_rxbuff
     1369h              _write_one_byte
     009ch              r10c
     009fh              r118
     00a2h              r11c
     00a5h              r134
     009dh              r20c
     00a0h              r218
     00a3h              r21c
     00a6h              r234
     01f7h              r30c
     01f8h              r318
     01f9h              r31c
     01fah              r334
     01fbh              r434
     01fch              r534
     01fdh              r634
     01feh              r734
     0084h              ra
     009eh              ra0c
     00a1h              ra18
     00a4h              ra1c
     00a7h              ra34
     0085h              rb
     00a9h              rb34
     0086h              rc
     00a8h              rc34
     0087h              rd
     00aah              rd34
     0088h              re
     00abh              re34
     0089h              rf
     00ach              rf34
     008ah              rg
     00adh              rg34
     008bh              rh
     166ch              startup_value_1

     Address            Public by Value
     0002h              __DELAYX6
     0003h              __DELAYX5
     0004h              __DELAYX4
     0005h              __DELAYX3
     0006h              __DELAYX2
     0007h              __DELAYX1
     0008h              __DELAYX0
     0010h              _MuFunction1_ISR
     0011h              _builtin_holtek_dtinf
     0020h              _builtin_holtek_itod
     0029h              _builtin_holtek_uitod
     002eh              __DELAY3
     002fh              __DELAY2
     0030h              __DELAY1
     0031h              __DELAY0
     0032h              _get_wifi_status
     0033h              _wifi_test_result
     005bh              _MuFunction0_ISR
     007ah              _TIMEBASE0_ISR
     0084h              ra
     0085h              rb
     0086h              rc
     0087h              rd
     0088h              re
     0089h              rf
     008ah              rg
     008bh              rh
     008ch              _builtin_holtek_mant1
     008fh              _builtin_holtek_exp1
     0090h              _builtin_holtek_signs
     0091h              _builtin_holtek_floatflag
     0092h              _builtin_holtek_mant12p
     0095h              _builtin_holtek_mant2
     0098h              _builtin_holtek_exp2
     0099h              _builtin_holtek_prod
     009ch              _TIMEBASE1_ISR
     009ch              r10c
     009dh              r20c
     009eh              ra0c
     009fh              r118
     00a0h              r218
     00a1h              ra18
     00a2h              r11c
     00a3h              r21c
     00a4h              ra1c
     00a5h              r134
     00a6h              r234
     00a7h              ra34
     00a8h              rc34
     00a9h              rb34
     00aah              rd34
     00abh              re34
     00ach              rf34
     00adh              rg34
     00b3h              _USIM0_ISR
     00b5h              _oled_set_pos_2
     00b7h              _oled_pow_2
     00b9h              _oled_showchar_2
     00bdh              _oled_shownum_2
     00c6h              _data_handle_2
     00e2h              _time
     00efh              _KEY_State
     00f0h              _stop_update_flag
     00f1h              _rx_buf_out
     00f3h              _rx_buf_in
     00f4h              _delay_1us
     00f5h              _gu8v_FishFood_FeedTimers
     00f5h              _delay_us
     00f6h              _gu8v_FishFood_State
     00f6h              _builtin_holtek_dtdecode2
     00f7h              _gu8v_FishFood_State_Last
     00f8h              _wifi_work_state
     00f9h              _set_wifimode_flag
     00fah              _reset_wifi_flag
     00fbh              _temp_N
     00fch              _DS18B20_Temp
     00feh              _data_temp
     00ffh              _hum_N
     0101h              _builtin_holtek_dtdecode1
     0109h              _builtin_holtek_dtzero
     010ch              _builtin_holtek_dtzero1
     010eh              _builtin_holtek_dtmul
     014eh              _builtin_holtek_dtol
     0179h              _builtin_holtek_dtnorm
     0180h              _temp_Dio
     0181h              _wifi_uart_tx_buf
     01adh              _LOGO_VIKING
     01b8h              _DS18B20_Temp_Debug
     01bah              _time_Last
     01c1h              _wifi_uart_rx_buf
     01d8h              _wifi_data_process_buf
     01f7h              r30c
     01f8h              r318
     01f9h              r31c
     01fah              r334
     01fbh              r434
     01fch              r534
     01fdh              r634
     01feh              r734
     03adh              _LOGO_HOLTEK
     0081h[0]           _gbv_Time_Is_8ms
     0081h[1]           _gbv_Time_Is_1s
     0081h[2]           _gbv_wifi_Send_Data_Is_300ms
     0081h[3]           _gbv_TuYa_Send_Data_Is_10s
     0081h[4]           _gbv_DHT_DS18B20_Is_5s_Start
     0081h[5]           _gbv_KeyScan_Time_Is_8ms
     0082h[0]           _gbv_KEY4_Is_long_Press
     0083h[0]           _gbv_wifi_send_FeedTimers
     0083h[1]           _gbv_wifi_Send_FeedState
     0083h[2]           _gbv_wifi_Send_LED1
     0083h[3]           _gbv_wifi_Send_JDQ_FishFood
     0083h[4]           _gbv_wifi_Send_JDQ_Water
     05adh              _F6x8
     06c1h              _download_cmd
     06edh              _DS18B20_Read_Bit
     0700h              _DS18B20_Read_Byte
     0712h              _DS18B20_Write_Byte
     0736h              _DS18B20_Check
     075dh              __DELAYY4_isr00
     075dh              __DELAYY5_isr00
     075eh              __DELAYY2_isr00
     075eh              __DELAYY3_isr00
     075fh              __DELAYY0_isr00
     075fh              __DELAYY1_isr00
     076bh              _DS18B20_Rst
     077ch              _DS18B20_Start
     0783h              _DS18B20_Get_Temp
     07eah              _DHT11_Read_Bit
     0800h              _DHT11_Read_Byte
     080eh              _DHT11_Check
     0831h              _delay_ms
     083dh              _DHT11_Rst
     084ch              _DHT11_Read_Data
     088bh              _uart_transmit_output
     0893h              _Crom2PromNext
     0894h              _Crom2Prom
     08a3h              _wifi_uart_write_frame
     08fah              _mcu_get_system_time
     0901h              _builtin_holtek_divmodhi4_isr00
     090ah              _builtin_holtek_udivmodhi4_isr00
     0938h              _set_wifi_uart_byte
     0947h              _mcu_dp_value_update
     098ah              _mcu_dp_enum_update
     09b8h              _mcu_dp_bool_update
     09eah              _all_data_update
     0a3dh              _mcu_write_rtctime
     0a82h              _byte_to_int
     0ae6h              _mcu_get_dp_download_value
     0aech              _mcu_get_dp_download_bool
     0af4h              _dp_download_handle
     0c1ch              _get_download_cmd_total
     0c1eh              _my_memcpy
     0c75h              _set_wifi_uart_buffer
     0c8bh              _my_strlen
     0cb9h              _open_module_time_serve_result
     0cf7h              _data_handle
     0ed7h              _get_check_sum
     0ef6h              _take_byte_rxbuff
     0f1eh              _with_data_rxbuff
     0f35h              _wifi_uart_service
     1011h              _fun_JDQ_FishFood_MotoIO
     103ch              _mcu_set_wifi_mode
     104bh              _fun_Key
     1081h              _fun_KeyScan
     10c8h              _wifi_protocol_init
     10d3h              _Drv_UART0_Init
     10eah              _Key_Init
     10f3h              _Drv_RamInit
     1106h              _Drv_SysClockInit
     110eh              _fun_TuYa_JDQ_LED_IO_Init
     1122h              _main
     115ch              _uart_receive_input
     119bh              _open_module_reset_state_serve
     11a9h              _request_weather_serve
     11b7h              _open_module_time_serve
     11cdh              _mcu_get_wifi_connect_status
     11d4h              _mcu_start_wifitest
     11dbh              _mcu_reset_wifi
     11e3h              _uart_receive_buff_input
     11f8h              _mcu_get_dp_download_enum
     1200h              _mcu_dp_fault_update
     1272h              _mcu_dp_string_update
     12a7h              _mcu_dp_raw_update
     12dbh              _my_strcmp
     1310h              _my_strcpy
     133fh              _bcd_to_hex
     1354h              _read_one_byte
     1369h              _write_one_byte
     137dh              _ds1302_read_data
     1398h              _time_read
     13d1h              _ds1302_write_data
     13e8h              _time_init
     140ch              _builtin_holtek_udivmodqi4_isr00
     1425h              _Time_read_turn_Init
     144fh              _Time_read_turn_Init_Stm
     1479h              _DHT11_Init
     147fh              _oled_iic_stop
     1484h              _oled_iic_wait_ack
     1493h              _oled_write_byte
     14bbh              _oled_iic_start
     14c2h              _oled_write_dat
     14cch              _oled_write_cmd
     14d6h              _oled_clear_hang
     14ech              _oled_set_pos
     14feh              _oled_clear
     1516h              _oled_init
     154fh              _oled_showphoto
     1570h              _oled_showchar
     15a4h              _oled_showstring
     15c4h              _builtin_holtek_mulqi3_isr00
     15ceh              _oled_shownum
     1644h              _builtin_holtek_mulhi3_isr00
     1657h              _oled_pow
     166ch              startup_value_1
     1677h              _ds1302_init
     167eh              _hex_to_bcd
     16bdh              _my_memset
     16e3h              _int_to_byte
     1702h              _mcu_get_reset_wifi_flag
     1706h              _mcu_get_wifimode_flag
     170ah              _mcu_get_wifi_work_state


ROM Usage Statistics
    Bank      Size      Used     Percentage
     00h       2000h     170eh    72%
     01h       2000h     0000h    0%
     Total     4000h     170eh    36%

RAM Usage Statistics
    Bank      Size      Used     Percentage
     00h       0080h     0080h    100%
     01h       0080h     007fh    99%
     02h       0080h     0000h    0%
     03h       0080h     0000h    0%
     Total     0200h     00ffh    49%

Use Stack Count
_main: 6
_oled_pow: 1
_oled_shownum: 5
_oled_showstring: 5
_oled_showphoto: 4
_oled_init: 4
_oled_clear_hang: 3
_DHT11_Init: 3
_Time_read_turn_Init_Stm: 1
_Time_read_turn_Init: 1
_time_init: 3
_time_read: 3
_MuFunction0_ISR: 0
_TIMEBASE0_ISR: 0
_TIMEBASE1_ISR: 0
_USIM0_ISR: 1
_my_strcpy: 1
_my_strcmp: 1
_mcu_dp_raw_update: 3
_mcu_dp_string_update: 3
_mcu_dp_fault_update: 2
_mcu_get_dp_download_enum: 1
_uart_receive_buff_input: 1
_mcu_reset_wifi: 2
_mcu_start_wifitest: 2
_mcu_get_wifi_connect_status: 2
_open_module_time_serve: 2
_request_weather_serve: 2
_open_module_reset_state_serve: 2

Call Tree
    @dummy
        _main (0)
            _fun_TuYa_JDQ_LED_IO_Init (1)
            _Drv_SysClockInit (1)
            _Drv_RamInit (1)
            _Key_Init (1)
            _Drv_UART0_Init (1)
            _wifi_protocol_init (1)
            _fun_KeyScan (1)
                _builtin_holtek_delay_isr00 (2)
            _fun_Key (1)
                _mcu_set_wifi_mode (2)
                    _set_wifi_uart_byte (3)
                    _wifi_uart_write_frame (3)
                        _Crom2Prom (4)
                        _uart_transmit_output (4)
            _fun_JDQ_FishFood_MotoIO (1)
            _wifi_uart_service (1)
                _with_data_rxbuff (2)
                _take_byte_rxbuff (2)
                    _Crom2Prom (3)
                _Crom2Prom (2)
                _my_memcpy (2)
                    _Crom2Prom (3)
                _get_check_sum (2)
                    _Crom2Prom (3)
                _data_handle (2)
                    _Crom2Prom (3)
                    _open_module_time_serve_result (3)
                        _Crom2Prom (4)
                        _my_memcpy (4)
                            _Crom2Prom (5)
                        _set_wifi_uart_byte (4)
                        _wifi_uart_write_frame (4)
                            _Crom2Prom (5)
                            _uart_transmit_output (5)
                    _set_wifi_uart_byte (3)
                    _my_strlen (3)
                        _Crom2Prom (4)
                    _set_wifi_uart_buffer (3)
                        _my_memcpy (4)
                            _Crom2Prom (5)
                    _wifi_uart_write_frame (3)
                        _Crom2Prom (4)
                        _uart_transmit_output (4)
                    _get_download_cmd_total (3)
                    _dp_download_handle (3)
                        _mcu_get_dp_download_bool (4)
                            _Crom2Prom (5)
                        _mcu_get_dp_download_value (4)
                            _byte_to_int (5)
                                _Crom2Prom (6)
                        _mcu_dp_bool_update (4)
                            _set_wifi_uart_byte (5)
                            _wifi_uart_write_frame (5)
                                _Crom2Prom (6)
                                _uart_transmit_output (6)
                        _mcu_dp_value_update (4)
                            _set_wifi_uart_byte (5)
                            _wifi_uart_write_frame (5)
                                _Crom2Prom (6)
                                _uart_transmit_output (6)
                    _all_data_update (3)
                        _mcu_dp_bool_update (4)
                            _set_wifi_uart_byte (5)
                            _wifi_uart_write_frame (5)
                                _Crom2Prom (6)
                                _uart_transmit_output (6)
                        _mcu_dp_enum_update (4)
                            _set_wifi_uart_byte (5)
                            _wifi_uart_write_frame (5)
                                _Crom2Prom (6)
                                _uart_transmit_output (6)
                        _mcu_dp_value_update (4)
                            _set_wifi_uart_byte (5)
                            _wifi_uart_write_frame (5)
                                _Crom2Prom (6)
                                _uart_transmit_output (6)
                        _builtin_holtek_divmodhi4_isr00 (4)
                        _mcu_get_system_time (4)
                            _wifi_uart_write_frame (5)
                                _Crom2Prom (6)
                                _uart_transmit_output (6)
                    _mcu_write_rtctime (3)
                        _Crom2Prom (4)
                    _wifi_test_result (3)
                    _get_wifi_status (3)
            _all_data_update (1)
                _mcu_dp_bool_update (2)
                    _set_wifi_uart_byte (3)
                    _wifi_uart_write_frame (3)
                        _Crom2Prom (4)
                        _uart_transmit_output (4)
                _mcu_dp_enum_update (2)
                    _set_wifi_uart_byte (3)
                    _wifi_uart_write_frame (3)
                        _Crom2Prom (4)
                        _uart_transmit_output (4)
                _mcu_dp_value_update (2)
                    _set_wifi_uart_byte (3)
                    _wifi_uart_write_frame (3)
                        _Crom2Prom (4)
                        _uart_transmit_output (4)
                _builtin_holtek_divmodhi4_isr00 (2)
                _mcu_get_system_time (2)
                    _wifi_uart_write_frame (3)
                        _Crom2Prom (4)
                        _uart_transmit_output (4)
            _DHT11_Read_Data (1)
                _DHT11_Rst (2)
                    _delay_ms (3)
                        _builtin_holtek_delay_isr00 (4)
                    __DELAYX (3)
                _DHT11_Check (2)
                _DHT11_Read_Byte (2)
                    _DHT11_Read_Bit (3)
                        __DELAYX (4)
            _DS18B20_Get_Temp (1)
                _DS18B20_Start (2)
                    _DS18B20_Rst (3)
                        _builtin_holtek_delay_isr00 (4)
                        __DELAYX (4)
                    _DS18B20_Check (3)
                    _DS18B20_Write_Byte (3)
                        __DELAY (4)
                        __DELAYX (4)
                _DS18B20_Rst (2)
                    _builtin_holtek_delay_isr00 (3)
                    __DELAYX (3)
                _DS18B20_Check (2)
                _DS18B20_Write_Byte (2)
                    __DELAY (3)
                    __DELAYX (3)
                _DS18B20_Read_Byte (2)
                    _DS18B20_Read_Bit (3)
                        __DELAY (4)
                        __DELAYX (4)
                    __DELAYX (3)
                _builtin_holtek_itod (2)
                _builtin_holtek_dtmul (2)
                    _builtin_holtek_dtdecode (3)
                _builtin_holtek_dtol (2)
                    _builtin_holtek_dtdecode (3)
    _oled_pow
        _builtin_holtek_mulhi3_isr00 (0)
    _oled_shownum
        _builtin_holtek_divmodhi4_isr00 (0)
        _builtin_holtek_mulqi3_isr00 (0)
        _oled_showchar (0)
            _oled_set_pos (1)
                _oled_write_cmd (2)
                    _oled_iic_start (3)
                    _oled_write_byte (3)
                        _oled_iic_wait_ack (4)
                        __DELAYX (4)
                    _oled_iic_stop (3)
            _Crom2Prom (1)
            _oled_write_dat (1)
                _oled_iic_start (2)
                _oled_write_byte (2)
                    _oled_iic_wait_ack (3)
                    __DELAYX (3)
                _oled_iic_stop (2)
    _oled_showstring
        _oled_showchar (0)
            _oled_set_pos (1)
                _oled_write_cmd (2)
                    _oled_iic_start (3)
                    _oled_write_byte (3)
                        _oled_iic_wait_ack (4)
                        __DELAYX (4)
                    _oled_iic_stop (3)
            _Crom2Prom (1)
            _oled_write_dat (1)
                _oled_iic_start (2)
                _oled_write_byte (2)
                    _oled_iic_wait_ack (3)
                    __DELAYX (3)
                _oled_iic_stop (2)
        _Crom2Prom (0)
    _oled_showphoto
        _oled_set_pos (0)
            _oled_write_cmd (1)
                _oled_iic_start (2)
                _oled_write_byte (2)
                    _oled_iic_wait_ack (3)
                    __DELAYX (3)
                _oled_iic_stop (2)
        _Crom2Prom (0)
        _oled_write_dat (0)
            _oled_iic_start (1)
            _oled_write_byte (1)
                _oled_iic_wait_ack (2)
                __DELAYX (2)
            _oled_iic_stop (1)
    _oled_init
        _oled_write_cmd (0)
            _oled_iic_start (1)
            _oled_write_byte (1)
                _oled_iic_wait_ack (2)
                __DELAYX (2)
            _oled_iic_stop (1)
        _oled_clear (0)
            _oled_write_cmd (1)
                _oled_iic_start (2)
                _oled_write_byte (2)
                    _oled_iic_wait_ack (3)
                    __DELAYX (3)
                _oled_iic_stop (2)
            _oled_write_dat (1)
                _oled_iic_start (2)
                _oled_write_byte (2)
                    _oled_iic_wait_ack (3)
                    __DELAYX (3)
                _oled_iic_stop (2)
        _oled_set_pos (0)
            _oled_write_cmd (1)
                _oled_iic_start (2)
                _oled_write_byte (2)
                    _oled_iic_wait_ack (3)
                    __DELAYX (3)
                _oled_iic_stop (2)
    _oled_clear_hang
        _oled_write_cmd (0)
            _oled_iic_start (1)
            _oled_write_byte (1)
                _oled_iic_wait_ack (2)
                __DELAYX (2)
            _oled_iic_stop (1)
        _oled_write_dat (0)
            _oled_iic_start (1)
            _oled_write_byte (1)
                _oled_iic_wait_ack (2)
                __DELAYX (2)
            _oled_iic_stop (1)
    _DHT11_Init
        _DHT11_Rst (0)
            _delay_ms (1)
                _builtin_holtek_delay_isr00 (2)
            __DELAYX (1)
        _DHT11_Check (0)
    _Time_read_turn_Init_Stm
        _Crom2Prom (0)
        _builtin_holtek_divmodqi4_isr00 (0)
    _Time_read_turn_Init
        _Crom2Prom (0)
        _builtin_holtek_divmodqi4_isr00 (0)
    _time_init
        _ds1302_write_data (0)
            __DELAYX (1)
            _write_one_byte (1)
                __DELAY (2)
    _time_read
        _ds1302_read_data (0)
            __DELAYX (1)
            _write_one_byte (1)
                __DELAY (2)
            _read_one_byte (1)
                __DELAY (2)
        _bcd_to_hex (0)
    @dummy12
        _MuFunction0_ISR (0)
    @dummy24
        _TIMEBASE0_ISR (0)
    @dummy28
        _TIMEBASE1_ISR (0)
    @dummy52
        _USIM0_ISR (0)
            _uart_receive_input (1)
    _my_strcpy
        _Crom2Prom (0)
    _my_strcmp
        _Crom2Prom (0)
    _mcu_dp_raw_update
        _set_wifi_uart_byte (0)
        _set_wifi_uart_buffer (0)
            _my_memcpy (1)
                _Crom2Prom (2)
        _wifi_uart_write_frame (0)
            _Crom2Prom (1)
            _uart_transmit_output (1)
    _mcu_dp_string_update
        _set_wifi_uart_byte (0)
        _set_wifi_uart_buffer (0)
            _my_memcpy (1)
                _Crom2Prom (2)
        _wifi_uart_write_frame (0)
            _Crom2Prom (1)
            _uart_transmit_output (1)
    _mcu_dp_fault_update
        _set_wifi_uart_byte (0)
        _wifi_uart_write_frame (0)
            _Crom2Prom (1)
            _uart_transmit_output (1)
    _mcu_get_dp_download_enum
        _Crom2Prom (0)
    _uart_receive_buff_input
        _Crom2Prom (0)
        _uart_receive_input (0)
    _mcu_reset_wifi
        _wifi_uart_write_frame (0)
            _Crom2Prom (1)
            _uart_transmit_output (1)
    _mcu_start_wifitest
        _wifi_uart_write_frame (0)
            _Crom2Prom (1)
            _uart_transmit_output (1)
    _mcu_get_wifi_connect_status
        _wifi_uart_write_frame (0)
            _Crom2Prom (1)
            _uart_transmit_output (1)
    _open_module_time_serve
        _set_wifi_uart_byte (0)
        _wifi_uart_write_frame (0)
            _Crom2Prom (1)
            _uart_transmit_output (1)
    _request_weather_serve
        _set_wifi_uart_byte (0)
        _wifi_uart_write_frame (0)
            _Crom2Prom (1)
            _uart_transmit_output (1)
    _open_module_reset_state_serve
        _set_wifi_uart_byte (0)
        _wifi_uart_write_frame (0)
            _Crom2Prom (1)
            _uart_transmit_output (1)

HLINK: Program entry point at section '@code' (address 0) of file 'E:\Project\17.HT66F4560_EVM_V1.0\CODE\HT66F4560_TuYa_FishTank_V1.0\.output\HT66F4560_TUYA_FISHTANK.OBJ'

Total 0 error(s), Total 0 Warning(s)
